Archive member included to satisfy reference by file (symbol)

C:/ST/STM32CubeIDE_1.16.0/STM32CubeIDE/plugins/com.st.stm32cube.ide.mcu.externaltools.gnu-tools-for-stm32.12.3.rel1.win32_1.1.0.202410251130/tools/bin/../lib/gcc/arm-none-eabi/12.3.1/../../../../arm-none-eabi/lib/thumb/v7e-m+fp/hard\libc_nano.a(libc_a-exit.o)
                              C:/ST/STM32CubeIDE_1.16.0/STM32CubeIDE/plugins/com.st.stm32cube.ide.mcu.externaltools.gnu-tools-for-stm32.12.3.rel1.win32_1.1.0.202410251130/tools/bin/../lib/gcc/arm-none-eabi/12.3.1/../../../../arm-none-eabi/lib/thumb/v7e-m+fp/hard/crt0.o (exit)
C:/ST/STM32CubeIDE_1.16.0/STM32CubeIDE/plugins/com.st.stm32cube.ide.mcu.externaltools.gnu-tools-for-stm32.12.3.rel1.win32_1.1.0.202410251130/tools/bin/../lib/gcc/arm-none-eabi/12.3.1/../../../../arm-none-eabi/lib/thumb/v7e-m+fp/hard\libc_nano.a(libc_a-findfp.o)
                              C:/ST/STM32CubeIDE_1.16.0/STM32CubeIDE/plugins/com.st.stm32cube.ide.mcu.externaltools.gnu-tools-for-stm32.12.3.rel1.win32_1.1.0.202410251130/tools/bin/../lib/gcc/arm-none-eabi/12.3.1/../../../../arm-none-eabi/lib/thumb/v7e-m+fp/hard\libc_nano.a(libc_a-exit.o) (__stdio_exit_handler)
C:/ST/STM32CubeIDE_1.16.0/STM32CubeIDE/plugins/com.st.stm32cube.ide.mcu.externaltools.gnu-tools-for-stm32.12.3.rel1.win32_1.1.0.202410251130/tools/bin/../lib/gcc/arm-none-eabi/12.3.1/../../../../arm-none-eabi/lib/thumb/v7e-m+fp/hard\libc_nano.a(libc_a-fwalk.o)
                              C:/ST/STM32CubeIDE_1.16.0/STM32CubeIDE/plugins/com.st.stm32cube.ide.mcu.externaltools.gnu-tools-for-stm32.12.3.rel1.win32_1.1.0.202410251130/tools/bin/../lib/gcc/arm-none-eabi/12.3.1/../../../../arm-none-eabi/lib/thumb/v7e-m+fp/hard\libc_nano.a(libc_a-findfp.o) (_fwalk_sglue)
C:/ST/STM32CubeIDE_1.16.0/STM32CubeIDE/plugins/com.st.stm32cube.ide.mcu.externaltools.gnu-tools-for-stm32.12.3.rel1.win32_1.1.0.202410251130/tools/bin/../lib/gcc/arm-none-eabi/12.3.1/../../../../arm-none-eabi/lib/thumb/v7e-m+fp/hard\libc_nano.a(libc_a-snprintf.o)
                              ./Drivers/API/Src/API_LCD.o (snprintf)
C:/ST/STM32CubeIDE_1.16.0/STM32CubeIDE/plugins/com.st.stm32cube.ide.mcu.externaltools.gnu-tools-for-stm32.12.3.rel1.win32_1.1.0.202410251130/tools/bin/../lib/gcc/arm-none-eabi/12.3.1/../../../../arm-none-eabi/lib/thumb/v7e-m+fp/hard\libc_nano.a(libc_a-sprintf.o)
                              ./Core/Src/main.o (sprintf)
C:/ST/STM32CubeIDE_1.16.0/STM32CubeIDE/plugins/com.st.stm32cube.ide.mcu.externaltools.gnu-tools-for-stm32.12.3.rel1.win32_1.1.0.202410251130/tools/bin/../lib/gcc/arm-none-eabi/12.3.1/../../../../arm-none-eabi/lib/thumb/v7e-m+fp/hard\libc_nano.a(libc_a-stdio.o)
                              C:/ST/STM32CubeIDE_1.16.0/STM32CubeIDE/plugins/com.st.stm32cube.ide.mcu.externaltools.gnu-tools-for-stm32.12.3.rel1.win32_1.1.0.202410251130/tools/bin/../lib/gcc/arm-none-eabi/12.3.1/../../../../arm-none-eabi/lib/thumb/v7e-m+fp/hard\libc_nano.a(libc_a-findfp.o) (__sread)
C:/ST/STM32CubeIDE_1.16.0/STM32CubeIDE/plugins/com.st.stm32cube.ide.mcu.externaltools.gnu-tools-for-stm32.12.3.rel1.win32_1.1.0.202410251130/tools/bin/../lib/gcc/arm-none-eabi/12.3.1/../../../../arm-none-eabi/lib/thumb/v7e-m+fp/hard\libc_nano.a(libc_a-memset.o)
                              C:/ST/STM32CubeIDE_1.16.0/STM32CubeIDE/plugins/com.st.stm32cube.ide.mcu.externaltools.gnu-tools-for-stm32.12.3.rel1.win32_1.1.0.202410251130/tools/bin/../lib/gcc/arm-none-eabi/12.3.1/../../../../arm-none-eabi/lib/thumb/v7e-m+fp/hard/crt0.o (memset)
C:/ST/STM32CubeIDE_1.16.0/STM32CubeIDE/plugins/com.st.stm32cube.ide.mcu.externaltools.gnu-tools-for-stm32.12.3.rel1.win32_1.1.0.202410251130/tools/bin/../lib/gcc/arm-none-eabi/12.3.1/../../../../arm-none-eabi/lib/thumb/v7e-m+fp/hard\libc_nano.a(libc_a-closer.o)
                              C:/ST/STM32CubeIDE_1.16.0/STM32CubeIDE/plugins/com.st.stm32cube.ide.mcu.externaltools.gnu-tools-for-stm32.12.3.rel1.win32_1.1.0.202410251130/tools/bin/../lib/gcc/arm-none-eabi/12.3.1/../../../../arm-none-eabi/lib/thumb/v7e-m+fp/hard\libc_nano.a(libc_a-stdio.o) (_close_r)
C:/ST/STM32CubeIDE_1.16.0/STM32CubeIDE/plugins/com.st.stm32cube.ide.mcu.externaltools.gnu-tools-for-stm32.12.3.rel1.win32_1.1.0.202410251130/tools/bin/../lib/gcc/arm-none-eabi/12.3.1/../../../../arm-none-eabi/lib/thumb/v7e-m+fp/hard\libc_nano.a(libc_a-reent.o)
                              C:/ST/STM32CubeIDE_1.16.0/STM32CubeIDE/plugins/com.st.stm32cube.ide.mcu.externaltools.gnu-tools-for-stm32.12.3.rel1.win32_1.1.0.202410251130/tools/bin/../lib/gcc/arm-none-eabi/12.3.1/../../../../arm-none-eabi/lib/thumb/v7e-m+fp/hard\libc_nano.a(libc_a-closer.o) (errno)
C:/ST/STM32CubeIDE_1.16.0/STM32CubeIDE/plugins/com.st.stm32cube.ide.mcu.externaltools.gnu-tools-for-stm32.12.3.rel1.win32_1.1.0.202410251130/tools/bin/../lib/gcc/arm-none-eabi/12.3.1/../../../../arm-none-eabi/lib/thumb/v7e-m+fp/hard\libc_nano.a(libc_a-impure.o)
[...]
Memory Configuration

Name             Origin             Length             Attributes
RAM              0x20000000         0x00050000         xrw
FLASH            0x08000000         0x00180000         xr
*default*        0x00000000         0xffffffff

Linker script and memory map

LOAD C:/ST/STM32CubeIDE_1.16.0/STM32CubeIDE/plugins/com.st.stm32cube.ide.mcu.externaltools.gnu-tools-for-stm32.12.3.rel1.win32_1.1.0.202410251130/tools/bin/../lib/gcc/arm-none-eabi/12.3.1/thumb/v7e-m+fp/hard/crti.o
LOAD C:/ST/STM32CubeIDE_1.16.0/STM32CubeIDE/plugins/com.st.stm32cube.ide.mcu.externaltools.gnu-tools-for-stm32.12.3.rel1.win32_1.1.0.202410251130/tools/bin/../lib/gcc/arm-none-eabi/12.3.1/thumb/v7e-m+fp/hard/crtbegin.o
LOAD C:/ST/STM32CubeIDE_1.16.0/STM32CubeIDE/plugins/com.st.stm32cube.ide.mcu.externaltools.gnu-tools-for-stm32.12.3.rel1.win32_1.1.0.202410251130/tools/bin/../lib/gcc/arm-none-eabi/12.3.1/../../../../arm-none-eabi/lib/thumb/v7e-m+fp/hard/crt0.o
LOAD ./Core/Src/main.o
LOAD ./Core/Src/stm32f4xx_hal_msp.o
LOAD ./Core/Src/stm32f4xx_it.o
LOAD ./Core/Src/syscalls.o
LOAD ./Core/Src/sysmem.o
LOAD ./Core/Src/system_stm32f4xx.o
LOAD ./Core/Startup/startup_stm32f413zhtx.o
LOAD ./Drivers/API/Src/API_BT.o
LOAD ./Drivers/API/Src/API_Debounce.o
LOAD ./Drivers/API/Src/API_Delay.o
LOAD ./Drivers/API/Src/API_GPIO.o
LOAD ./Drivers/API/Src/API_LCD.o
LOAD ./Drivers/API/Src/API_Teclado4x3.o
LOAD ./Drivers/STM32F4xx_HAL_Driver/Src/stm32f4xx_hal.o
LOAD ./Drivers/STM32F4xx_HAL_Driver/Src/stm32f4xx_hal_cortex.o
LOAD ./Drivers/STM32F4xx_HAL_Driver/Src/stm32f4xx_hal_dma.o
LOAD ./Drivers/STM32F4xx_HAL_Driver/Src/stm32f4xx_hal_dma_ex.o
LOAD ./Drivers/STM32F4xx_HAL_Driver/Src/stm32f4xx_hal_exti.o
LOAD ./Drivers/STM32F4xx_HAL_Driver/Src/stm32f4xx_hal_flash.o
LOAD ./Drivers/STM32F4xx_HAL_Driver/Src/stm32f4xx_hal_flash_ex.o
LOAD ./Drivers/STM32F4xx_HAL_Driver/Src/stm32f4xx_hal_flash_ramfunc.o
LOAD ./Drivers/STM32F4xx_HAL_Driver/Src/stm32f4xx_hal_gpio.o
LOAD ./Drivers/STM32F4xx_HAL_Driver/Src/stm32f4xx_hal_i2c.o
LOAD ./Drivers/STM32F4xx_HAL_Driver/Src/stm32f4xx_hal_i2c_ex.o
LOAD ./Drivers/STM32F4xx_HAL_Driver/Src/stm32f4xx_hal_pwr.o
LOAD ./Drivers/STM32F4xx_HAL_Driver/Src/stm32f4xx_hal_pwr_ex.o
LOAD ./Drivers/STM32F4xx_HAL_Driver/Src/stm32f4xx_hal_rcc.o
LOAD ./Drivers/STM32F4xx_HAL_Driver/Src/stm32f4xx_hal_rcc_ex.o
LOAD ./Drivers/STM32F4xx_HAL_Driver/Src/stm32f4xx_hal_uart.o
START GROUP
LOAD C:/ST/STM32CubeIDE_1.16.0/STM32CubeIDE/plugins/com.st.stm32cube.ide.mcu.externaltools.gnu-tools-for-stm32.12.3.rel1.win32_1.1.0.202410251130/tools/bin/../lib/gcc/arm-none-eabi/12.3.1/../../../../arm-none-eabi/lib/thumb/v7e-m+fp/hard\libc_nano.a
LOAD C:/ST/STM32CubeIDE_1.16.0/STM32CubeIDE/plugins/com.st.stm32cube.ide.mcu.externaltools.gnu-tools-for-stm32.12.3.rel1.win32_1.1.0.202410251130/tools/bin/../lib/gcc/arm-none-eabi/12.3.1/../../../../arm-none-eabi/lib/thumb/v7e-m+fp/hard\libm.a
END GROUP
START GROUP
LOAD C:/ST/STM32CubeIDE_1.16.0/STM32CubeIDE/plugins/com.st.stm32cube.ide.mcu.externaltools.gnu-tools-for-stm32.12.3.rel1.win32_1.1.0.202410251130/tools/bin/../lib/gcc/arm-none-eabi/12.3.1/thumb/v7e-m+fp/hard\libgcc.a
LOAD C:/ST/STM32CubeIDE_1.16.0/STM32CubeIDE/plugins/com.st.stm32cube.ide.mcu.externaltools.gnu-tools-for-stm32.12.3.rel1.win32_1.1.0.202410251130/tools/bin/../lib/gcc/arm-none-eabi/12.3.1/../../../../arm-none-eabi/lib/thumb/v7e-m+fp/hard\libc_nano.a
END GROUP
START GROUP
LOAD C:/ST/STM32CubeIDE_1.16.0/STM32CubeIDE/plugins/com.st.stm32cube.ide.mcu.externaltools.gnu-tools-for-stm32.12.3.rel1.win32_1.1.0.202410251130/tools/bin/../lib/gcc/arm-none-eabi/12.3.1/thumb/v7e-m+fp/hard\libgcc.a
LOAD C:/ST/STM32CubeIDE_1.16.0/STM32CubeIDE/plugins/com.st.stm32cube.ide.mcu.externaltools.gnu-tools-for-stm32.12.3.rel1.win32_1.1.0.202410251130/tools/bin/../lib/gcc/arm-none-eabi/12.3.1/../../../../arm-none-eabi/lib/thumb/v7e-m+fp/hard\libc_nano.a
LOAD C:/ST/STM32CubeIDE_1.16.0/STM32CubeIDE/plugins/com.st.stm32cube.ide.mcu.externaltools.gnu-tools-for-stm32.12.3.rel1.win32_1.1.0.202410251130/tools/bin/../lib/gcc/arm-none-eabi/12.3.1/../../../../arm-none-eabi/lib/thumb/v7e-m+fp/hard\libnosys.a
END GROUP
START GROUP
LOAD C:/ST/STM32CubeIDE_1.16.0/STM32CubeIDE/plugins/com.st.stm32cube.ide.mcu.externaltools.gnu-tools-for-stm32.12.3.rel1.win32_1.1.0.202410251130/tools/bin/../lib/gcc/arm-none-eabi/12.3.1/thumb/v7e-m+fp/hard\libgcc.a
LOAD C:/ST/STM32CubeIDE_1.16.0/STM32CubeIDE/plugins/com.st.stm32cube.ide.mcu.externaltools.gnu-tools-for-stm32.12.3.rel1.win32_1.1.0.202410251130/tools/bin/../lib/gcc/arm-none-eabi/12.3.1/../../../../arm-none-eabi/lib/thumb/v7e-m+fp/hard\libc_nano.a
LOAD C:/ST/STM32CubeIDE_1.16.0/STM32CubeIDE/plugins/com.st.stm32cube.ide.mcu.externaltools.gnu-tools-for-stm32.12.3.rel1.win32_1.1.0.202410251130/tools/bin/../lib/gcc/arm-none-eabi/12.3.1/../../../../arm-none-eabi/lib/thumb/v7e-m+fp/hard\libnosys.a
END GROUP
LOAD C:/ST/STM32CubeIDE_1.16.0/STM32CubeIDE/plugins/com.st.stm32cube.ide.mcu.externaltools.gnu-tools-for-stm32.12.3.rel1.win32_1.1.0.202410251130/tools/bin/../lib/gcc/arm-none-eabi/12.3.1/thumb/v7e-m+fp/hard/crtend.o
LOAD C:/ST/STM32CubeIDE_1.16.0/STM32CubeIDE/plugins/com.st.stm32cube.ide.mcu.externaltools.gnu-tools-for-stm32.12.3.rel1.win32_1.1.0.202410251130/tools/bin/../lib/gcc/arm-none-eabi/12.3.1/thumb/v7e-m+fp/hard/crtn.o
                0x20050000                        _estack = (ORIGIN (RAM) + LENGTH (RAM))
                0x00000200                        _Min_Heap_Size = 0x200
                0x00000400                        _Min_Stack_Size = 0x400

.isr_vector     0x08000000      0x1d8
                0x08000000                        . = ALIGN (0x4)
 *(.isr_vector)
 .isr_vector    0x08000000      0x1d8 ./Core/Startup/startup_stm32f413zhtx.o
                0x08000000                g_pfnVectors
                0x080001d8                        . = ALIGN (0x4)

.text           0x080001e0     0x534c
                0x080001e0                        . = ALIGN (0x4)
 *(.text)
 .text          0x080001e0       0x40 C:/ST/STM32CubeIDE_1.16.0/STM32CubeIDE/plugins/com.st.stm32cube.ide.mcu.externaltools.gnu-tools-for-stm32.12.3.rel1.win32_1.1.0.202410251130/tools/bin/../lib/gcc/arm-none-eabi/12.3.1/thumb/v7e-m+fp/hard/crtbegin.o
 .text          0x08000220       0x14 C:/ST/STM32CubeIDE_1.16.0/STM32CubeIDE/plugins/com.st.stm32cube.ide.mcu.externaltools.gnu-tools-for-stm32.12.3.rel1.win32_1.1.0.202410251130/tools/bin/../lib/gcc/arm-none-eabi/12.3.1/../../../../arm-none-eabi/lib/thumb/v7e-m+fp/hard\libc_nano.a(libc_a-strcmp.o)
                0x08000220                strcmp
 .text          0x08000234       0x10 C:/ST/STM32CubeIDE_1.16.0/STM32CubeIDE/plugins/com.st.stm32cube.ide.mcu.externaltools.gnu-tools-for-stm32.12.3.rel1.win32_1.1.0.202410251130/tools/bin/../lib/gcc/arm-none-eabi/12.3.1/../../../../arm-none-eabi/lib/thumb/v7e-m+fp/hard\libc_nano.a(libc_a-strlen.o)
                0x08000234                strlen
 *fill*         0x08000244        0xc 
 .text          0x08000250       0xa0 C:/ST/STM32CubeIDE_1.16.0/STM32CubeIDE/plugins/com.st.stm32cube.ide.mcu.externaltools.gnu-tools-for-stm32.12.3.rel1.win32_1.1.0.202410251130/tools/bin/../lib/gcc/arm-none-eabi/12.3.1/../../../../arm-none-eabi/lib/thumb/v7e-m+fp/hard\libc_nano.a(libc_a-memchr.o)
                0x08000250                memchr
 .text          0x080002f0       0x30 C:/ST/STM32CubeIDE_1.16.0/STM32CubeIDE/plugins/com.st.stm32cube.ide.mcu.externaltools.gnu-tools-for-stm32.12.3.rel1.win32_1.1.0.202410251130/tools/bin/../lib/gcc/arm-none-eabi/12.3.1/thumb/v7e-m+fp/hard\libgcc.a(_aeabi_uldivmod.o)
                0x080002f0                __aeabi_uldivmod
 .text          0x08000320      0x2bc C:/ST/STM32CubeIDE_1.16.0/STM32CubeIDE/plugins/com.st.stm32cube.ide.mcu.externaltools.gnu-tools-for-stm32.12.3.rel1.win32_1.1.0.202410251130/tools/bin/../lib/gcc/arm-none-eabi/12.3.1/thumb/v7e-m+fp/hard\libgcc.a(_udivmoddi4.o)
                0x08000320                __udivmoddi4
 .text          0x080005dc        0x4 C:/ST/STM32CubeIDE_1.16.0/STM32CubeIDE/plugins/com.st.stm32cube.ide.mcu.externaltools.gnu-tools-for-stm32.12.3.rel1.win32_1.1.0.202410251130/tools/bin/../lib/gcc/arm-none-eabi/12.3.1/thumb/v7e-m+fp/hard\libgcc.a(_dvmd_tls.o)
                0x080005dc                __aeabi_idiv0
                0x080005dc                __aeabi_ldiv0
 *(.text*)
 .text.main     0x080005e0       0x90 ./Core/Src/main.o
                0x080005e0                main
 .text.DisplayMainMenu
                0x08000670       0x3c ./Core/Src/main.o
                0x08000670                DisplayMainMenu
 .text.HandleMainMenuInput
                0x080006ac       0x36 ./Core/Src/main.o
                0x080006ac                HandleMainMenuInput
 *fill*         0x080006e2        0x2 
 .text.DisplayAlarmMenu
                0x080006e4       0x3c ./Core/Src/main.o
                0x080006e4                DisplayAlarmMenu
 .text.HandleAlarmMenuInput
                0x08000720       0xa0 ./Core/Src/main.o
                0x08000720                HandleAlarmMenuInput
 .text.RequestPassword
                0x080007c0      0x1cc ./Core/Src/main.o
                0x080007c0                RequestPassword
 .text.ActivateAlarm
                0x0800098c      0x10c ./Core/Src/main.o
                0x0800098c                ActivateAlarm
 .text.DeactivateAlarm
                0x08000a98       0x7c ./Core/Src/main.o
                0x08000a98                DeactivateAlarm
 .text.IncorrectPassword
                0x08000b14       0xa0 ./Core/Src/main.o
                0x08000b14                IncorrectPassword
 .text.AlarmTriggered
                0x08000bb4       0xc4 ./Core/Src/main.o
                0x08000bb4                AlarmTriggered
 .text.DisplayChangePassMenu
                0x08000c78       0xac ./Core/Src/main.o
                0x08000c78                DisplayChangePassMenu
 .text.ConfirmNewPassword
                0x08000d24      0x20c ./Core/Src/main.o
                0x08000d24                ConfirmNewPassword
 .text.HandleSubMenu
                0x08000f30       0x58 ./Core/Src/main.o
                0x08000f30                HandleSubMenu
 .text.TestAlarm
                0x08000f88       0x90 ./Core/Src/main.o
                0x08000f88                TestAlarm
 .text.CheckSensors
                0x08001018       0xa8 ./Core/Src/main.o
                0x08001018                CheckSensors
 .text.BT_SendMessage
                0x080010c0       0x2c ./Core/Src/main.o
                0x080010c0                BT_SendMessage
 .text.BT_Test  0x080010ec       0x40 ./Core/Src/main.o
                0x080010ec                BT_Test
 .text.CheckAlarmDeactivation
                0x0800112c       0x58 ./Core/Src/main.o
                0x0800112c                CheckAlarmDeactivation
 .text.Error_Handler
                0x08001184        0xc ./Core/Src/main.o
                0x08001184                Error_Handler
 .text.HAL_MspInit
                0x08001190       0x50 ./Core/Src/stm32f4xx_hal_msp.o
                0x08001190                HAL_MspInit
 .text.HAL_I2C_MspInit
                0x080011e0       0x90 ./Core/Src/stm32f4xx_hal_msp.o
                0x080011e0                HAL_I2C_MspInit
 .text.HAL_UART_MspInit
                0x08001270       0xa0 ./Core/Src/stm32f4xx_hal_msp.o
                0x08001270                HAL_UART_MspInit
 .text.NMI_Handler
                0x08001310        0x8 ./Core/Src/stm32f4xx_it.o
                0x08001310                NMI_Handler
 .text.HardFault_Handler
                0x08001318        0x8 ./Core/Src/stm32f4xx_it.o
                0x08001318                HardFault_Handler
 .text.MemManage_Handler
                0x08001320        0x8 ./Core/Src/stm32f4xx_it.o
                0x08001320                MemManage_Handler
 .text.BusFault_Handler
                0x08001328        0x8 ./Core/Src/stm32f4xx_it.o
                0x08001328                BusFault_Handler
 .text.UsageFault_Handler
                0x08001330        0x8 ./Core/Src/stm32f4xx_it.o
                0x08001330                UsageFault_Handler
 .text.SVC_Handler
                0x08001338        0xe ./Core/Src/stm32f4xx_it.o
                0x08001338                SVC_Handler
 .text.DebugMon_Handler
                0x08001346        0xe ./Core/Src/stm32f4xx_it.o
                0x08001346                DebugMon_Handler
 .text.PendSV_Handler
                0x08001354        0xe ./Core/Src/stm32f4xx_it.o
                0x08001354                PendSV_Handler
 .text.SysTick_Handler
                0x08001362        0xc ./Core/Src/stm32f4xx_it.o
                0x08001362                SysTick_Handler
 .text.EXTI2_IRQHandler
                0x0800136e        0xe ./Core/Src/stm32f4xx_it.o
                0x0800136e                EXTI2_IRQHandler
 .text.EXTI4_IRQHandler
                0x0800137c        0xe ./Core/Src/stm32f4xx_it.o
                0x0800137c                EXTI4_IRQHandler
 .text.EXTI9_5_IRQHandler
                0x0800138a       0x1a ./Core/Src/stm32f4xx_it.o
                0x0800138a                EXTI9_5_IRQHandler
 .text.USART2_IRQHandler
                0x080013a4       0x14 ./Core/Src/stm32f4xx_it.o
                0x080013a4                USART2_IRQHandler
 .text.EXTI15_10_IRQHandler
                0x080013b8       0x20 ./Core/Src/stm32f4xx_it.o
                0x080013b8                EXTI15_10_IRQHandler
 .text._sbrk    0x080013d8       0x6c ./Core/Src/sysmem.o
                0x080013d8                _sbrk
 .text.SystemInit
                0x08001444       0x24 ./Core/Src/system_stm32f4xx.o
                0x08001444                SystemInit
 .text.Reset_Handler
                0x08001468       0x50 ./Core/Startup/startup_stm32f413zhtx.o
                0x08001468                Reset_Handler
 .text.Default_Handler
                0x080014b8        0x2 ./Core/Startup/startup_stm32f413zhtx.o
                0x080014b8                RTC_Alarm_IRQHandler
                0x080014b8                TIM8_CC_IRQHandler
                0x080014b8                UART8_IRQHandler
                0x080014b8                FMPI2C1_EV_IRQHandler
                0x080014b8                SPI4_IRQHandler
                0x080014b8                TIM1_CC_IRQHandler
                0x080014b8                DMA2_Stream5_IRQHandler
                0x080014b8                DMA1_Stream5_IRQHandler
                0x080014b8                CAN3_RX1_IRQHandler
                0x080014b8                PVD_IRQHandler
                0x080014b8                SDIO_IRQHandler
                0x080014b8                TAMP_STAMP_IRQHandler
                0x080014b8                CAN2_RX1_IRQHandler
                0x080014b8                EXTI3_IRQHandler
                0x080014b8                TIM8_TRG_COM_TIM14_IRQHandler
                0x080014b8                DFSDM1_FLT1_IRQHandler
                0x080014b8                TIM1_UP_TIM10_IRQHandler
                0x080014b8                TIM8_UP_TIM13_IRQHandler
                0x080014b8                I2C3_ER_IRQHandler
                0x080014b8                EXTI0_IRQHandler
                0x080014b8                I2C2_EV_IRQHandler
                0x080014b8                DMA1_Stream2_IRQHandler
                0x080014b8                CAN1_RX0_IRQHandler
                0x080014b8                FPU_IRQHandler
                0x080014b8                CAN3_SCE_IRQHandler
                0x080014b8                CAN2_SCE_IRQHandler
                0x080014b8                DMA2_Stream2_IRQHandler
                0x080014b8                SPI1_IRQHandler
                0x080014b8                TIM6_DAC_IRQHandler
                0x080014b8                TIM1_BRK_TIM9_IRQHandler
                0x080014b8                CAN2_RX0_IRQHandler
                0x080014b8                DMA2_Stream3_IRQHandler
                0x080014b8                USART6_IRQHandler
                0x080014b8                CAN3_RX0_IRQHandler
                0x080014b8                USART3_IRQHandler
                0x080014b8                DFSDM2_FLT3_IRQHandler
                0x080014b8                CAN1_RX1_IRQHandler
                0x080014b8                UART5_IRQHandler
                0x080014b8                DMA2_Stream0_IRQHandler
                0x080014b8                TIM4_IRQHandler
                0x080014b8                QUADSPI_IRQHandler
                0x080014b8                I2C1_EV_IRQHandler
                0x080014b8                DMA1_Stream6_IRQHandler
                0x080014b8                DMA1_Stream1_IRQHandler
                0x080014b8                UART4_IRQHandler
                0x080014b8                TIM3_IRQHandler
                0x080014b8                RCC_IRQHandler
                0x080014b8                UART9_IRQHandler
                0x080014b8                TIM8_BRK_TIM12_IRQHandler
                0x080014b8                Default_Handler
                0x080014b8                ADC_IRQHandler
                0x080014b8                DMA1_Stream7_IRQHandler
                0x080014b8                DFSDM2_FLT0_IRQHandler
                0x080014b8                SPI5_IRQHandler
                0x080014b8                TIM7_IRQHandler
                0x080014b8                CAN2_TX_IRQHandler
                0x080014b8                TIM5_IRQHandler
                0x080014b8                DMA2_Stream7_IRQHandler
                0x080014b8                I2C3_EV_IRQHandler
                0x080014b8                DFSDM2_FLT2_IRQHandler
                0x080014b8                RTC_WKUP_IRQHandler
                0x080014b8                SPI2_IRQHandler
                0x080014b8                DMA1_Stream0_IRQHandler
                0x080014b8                CAN1_TX_IRQHandler
                0x080014b8                FMPI2C1_ER_IRQHandler
                0x080014b8                DFSDM2_FLT1_IRQHandler
                0x080014b8                RNG_IRQHandler
                0x080014b8                FSMC_IRQHandler
                0x080014b8                WWDG_IRQHandler
                0x080014b8                CAN3_TX_IRQHandler
                0x080014b8                TIM2_IRQHandler
                0x080014b8                OTG_FS_WKUP_IRQHandler
                0x080014b8                TIM1_TRG_COM_TIM11_IRQHandler
                0x080014b8                EXTI1_IRQHandler
                0x080014b8                UART7_IRQHandler
                0x080014b8                DFSDM1_FLT0_IRQHandler
                0x080014b8                I2C2_ER_IRQHandler
                0x080014b8                DMA2_Stream1_IRQHandler
                0x080014b8                CAN1_SCE_IRQHandler
                0x080014b8                FLASH_IRQHandler
                0x080014b8                DMA2_Stream4_IRQHandler
                0x080014b8                USART1_IRQHandler
                0x080014b8                OTG_FS_IRQHandler
                0x080014b8                SPI3_IRQHandler
                0x080014b8                DMA1_Stream4_IRQHandler
                0x080014b8                I2C1_ER_IRQHandler
                0x080014b8                LPTIM1_IRQHandler
                0x080014b8                DMA2_Stream6_IRQHandler
                0x080014b8                UART10_IRQHandler
                0x080014b8                SAI1_IRQHandler
                0x080014b8                DMA1_Stream3_IRQHandler
 *fill*         0x080014ba        0x2 
 .text.MX_USART2_UART_Init
                0x080014bc       0x54 ./Drivers/API/Src/API_BT.o
                0x080014bc                MX_USART2_UART_Init
 .text.HAL_UART_TxCpltCallback
                0x08001510       0x14 ./Drivers/API/Src/API_BT.o
                0x08001510                HAL_UART_TxCpltCallback
 .text.readKey  0x08001524       0x38 ./Drivers/API/Src/API_Debounce.o
                0x08001524                readKey
 .text.debounceFSM_init
                0x0800155c       0x30 ./Drivers/API/Src/API_Debounce.o
                0x0800155c                debounceFSM_init
 .text.debounceFSM_update
                0x0800158c       0xe0 ./Drivers/API/Src/API_Debounce.o
                0x0800158c                debounceFSM_update
 .text.delayInit
                0x0800166c       0x28 ./Drivers/API/Src/API_Delay.o
                0x0800166c                delayInit
 .text.delayRead
                0x08001694       0x52 ./Drivers/API/Src/API_Delay.o
                0x08001694                delayRead
 *fill*         0x080016e6        0x2 
 .text.writeLedOff_GPIO
                0x080016e8       0x24 ./Drivers/API/Src/API_GPIO.o
                0x080016e8                writeLedOff_GPIO
 .text.SystemClock_Config
                0x0800170c       0xd8 ./Drivers/API/Src/API_GPIO.o
                0x0800170c                SystemClock_Config
 .text.MX_GPIO_Init
                0x080017e4      0x294 ./Drivers/API/Src/API_GPIO.o
                0x080017e4                MX_GPIO_Init
 .text.enableSensorInterrupts
                0x08001a78       0x14 ./Drivers/API/Src/API_GPIO.o
                0x08001a78                enableSensorInterrupts
 .text.disableSensorInterrupts
                0x08001a8c       0x14 ./Drivers/API/Src/API_GPIO.o
                0x08001a8c                disableSensorInterrupts
 .text.HAL_GPIO_EXTI_Callback
                0x08001aa0       0x78 ./Drivers/API/Src/API_GPIO.o
                0x08001aa0                HAL_GPIO_EXTI_Callback
 .text.lcd_init
                0x08001b18       0x56 ./Drivers/API/Src/API_LCD.o
                0x08001b18                lcd_init
 .text.lcd_clear
                0x08001b6e       0x14 ./Drivers/API/Src/API_LCD.o
                0x08001b6e                lcd_clear
 .text.lcd_set_cursor
                0x08001b82       0x34 ./Drivers/API/Src/API_LCD.o
                0x08001b82                lcd_set_cursor
 .text.lcd_print
                0x08001bb6       0x2a ./Drivers/API/Src/API_LCD.o
                0x08001bb6                lcd_print
 .text.lcd_send_command
                0x08001be0       0x1c ./Drivers/API/Src/API_LCD.o
 .text.lcd_send_data
                0x08001bfc       0x1c ./Drivers/API/Src/API_LCD.o
 .text.lcd_send
                0x08001c18       0x48 ./Drivers/API/Src/API_LCD.o
 .text.lcd_write_nibble
                0x08001c60       0x60 ./Drivers/API/Src/API_LCD.o
 .text.MX_I2C2_Init
                0x08001cc0       0x5c ./Drivers/API/Src/API_LCD.o
                0x08001cc0                MX_I2C2_Init
 .text.keypad_init
                0x08001d1c       0xa4 ./Drivers/API/Src/API_Teclado4x3.o
                0x08001d1c                keypad_init
 .text.buffer_add
                0x08001dc0       0x68 ./Drivers/API/Src/API_Teclado4x3.o
 .text.buffer_get
                0x08001e28       0x54 ./Drivers/API/Src/API_Teclado4x3.o
                0x08001e28                buffer_get
 .text.scan_keypad
                0x08001e7c       0xb0 ./Drivers/API/Src/API_Teclado4x3.o
                0x08001e7c                scan_keypad
 .text.keypad_get_key
                0x08001f2c        0xe ./Drivers/API/Src/API_Teclado4x3.o
                0x08001f2c                keypad_get_key
 *fill*         0x08001f3a        0x2 
 .text.HAL_Init
                0x08001f3c       0x44 ./Drivers/STM32F4xx_HAL_Driver/Src/stm32f4xx_hal.o
                0x08001f3c                HAL_Init
 .text.HAL_InitTick
                0x08001f80       0x60 ./Drivers/STM32F4xx_HAL_Driver/Src/stm32f4xx_hal.o
                0x08001f80                HAL_InitTick
 .text.HAL_IncTick
                0x08001fe0       0x28 ./Drivers/STM32F4xx_HAL_Driver/Src/stm32f4xx_hal.o
                0x08001fe0                HAL_IncTick
 .text.HAL_GetTick
                0x08002008       0x18 ./Drivers/STM32F4xx_HAL_Driver/Src/stm32f4xx_hal.o
                0x08002008                HAL_GetTick
 .text.HAL_Delay
                0x08002020       0x48 ./Drivers/STM32F4xx_HAL_Driver/Src/stm32f4xx_hal.o
                0x08002020                HAL_Delay
 .text.__NVIC_SetPriorityGrouping
                0x08002068       0x48 ./Drivers/STM32F4xx_HAL_Driver/Src/stm32f4xx_hal_cortex.o
 .text.__NVIC_GetPriorityGrouping
                0x080020b0       0x1c ./Drivers/STM32F4xx_HAL_Driver/Src/stm32f4xx_hal_cortex.o
 .text.__NVIC_EnableIRQ
                0x080020cc       0x3c ./Drivers/STM32F4xx_HAL_Driver/Src/stm32f4xx_hal_cortex.o
 .text.__NVIC_DisableIRQ
                0x08002108       0x48 ./Drivers/STM32F4xx_HAL_Driver/Src/stm32f4xx_hal_cortex.o
 .text.__NVIC_SetPriority
                0x08002150       0x54 ./Drivers/STM32F4xx_HAL_Driver/Src/stm32f4xx_hal_cortex.o
 .text.NVIC_EncodePriority
                0x080021a4       0x66 ./Drivers/STM32F4xx_HAL_Driver/Src/stm32f4xx_hal_cortex.o
 *fill*         0x0800220a        0x2 
 .text.SysTick_Config
                0x0800220c       0x44 ./Drivers/STM32F4xx_HAL_Driver/Src/stm32f4xx_hal_cortex.o
 .text.HAL_NVIC_SetPriorityGrouping
                0x08002250       0x16 ./Drivers/STM32F4xx_HAL_Driver/Src/stm32f4xx_hal_cortex.o
                0x08002250                HAL_NVIC_SetPriorityGrouping
 .text.HAL_NVIC_SetPriority
                0x08002266       0x38 ./Drivers/STM32F4xx_HAL_Driver/Src/stm32f4xx_hal_cortex.o
                0x08002266                HAL_NVIC_SetPriority
 .text.HAL_NVIC_EnableIRQ
                0x0800229e       0x1c ./Drivers/STM32F4xx_HAL_Driver/Src/stm32f4xx_hal_cortex.o
                0x0800229e                HAL_NVIC_EnableIRQ
 .text.HAL_NVIC_DisableIRQ
                0x080022ba       0x1c ./Drivers/STM32F4xx_HAL_Driver/Src/stm32f4xx_hal_cortex.o
                0x080022ba                HAL_NVIC_DisableIRQ
 .text.HAL_SYSTICK_Config
                0x080022d6       0x18 ./Drivers/STM32F4xx_HAL_Driver/Src/stm32f4xx_hal_cortex.o
                0x080022d6                HAL_SYSTICK_Config
 .text.HAL_DMA_Abort
                0x080022ee       0xe0 ./Drivers/STM32F4xx_HAL_Driver/Src/stm32f4xx_hal_dma.o
                0x080022ee                HAL_DMA_Abort
 .text.HAL_DMA_Abort_IT
                0x080023ce       0x44 ./Drivers/STM32F4xx_HAL_Driver/Src/stm32f4xx_hal_dma.o
                0x080023ce                HAL_DMA_Abort_IT
 *fill*         0x08002412        0x2 
 .text.HAL_GPIO_Init
                0x08002414      0x328 ./Drivers/STM32F4xx_HAL_Driver/Src/stm32f4xx_hal_gpio.o
                0x08002414                HAL_GPIO_Init
 .text.HAL_GPIO_ReadPin
                0x0800273c       0x30 ./Drivers/STM32F4xx_HAL_Driver/Src/stm32f4xx_hal_gpio.o
                0x0800273c                HAL_GPIO_ReadPin
 .text.HAL_GPIO_WritePin
                0x0800276c       0x32 ./Drivers/STM32F4xx_HAL_Driver/Src/stm32f4xx_hal_gpio.o
                0x0800276c                HAL_GPIO_WritePin
 .text.HAL_GPIO_TogglePin
                0x0800279e       0x34 ./Drivers/STM32F4xx_HAL_Driver/Src/stm32f4xx_hal_gpio.o
                0x0800279e                HAL_GPIO_TogglePin
 *fill*         0x080027d2        0x2 
 .text.HAL_GPIO_EXTI_IRQHandler
                0x080027d4       0x30 ./Drivers/STM32F4xx_HAL_Driver/Src/stm32f4xx_hal_gpio.o
                0x080027d4                HAL_GPIO_EXTI_IRQHandler
 .text.HAL_I2C_Init
                0x08002804      0x288 ./Drivers/STM32F4xx_HAL_Driver/Src/stm32f4xx_hal_i2c.o
                0x08002804                HAL_I2C_Init
 .text.HAL_I2C_Master_Transmit
                0x08002a8c      0x1fc ./Drivers/STM32F4xx_HAL_Driver/Src/stm32f4xx_hal_i2c.o
                0x08002a8c                HAL_I2C_Master_Transmit
 .text.I2C_MasterRequestWrite
                0x08002c88      0x104 ./Drivers/STM32F4xx_HAL_Driver/Src/stm32f4xx_hal_i2c.o
 .text.I2C_WaitOnFlagUntilTimeout
                0x08002d8c       0xf4 ./Drivers/STM32F4xx_HAL_Driver/Src/stm32f4xx_hal_i2c.o
 .text.I2C_WaitOnMasterAddressFlagUntilTimeout
                0x08002e80      0x140 ./Drivers/STM32F4xx_HAL_Driver/Src/stm32f4xx_hal_i2c.o
 .text.I2C_WaitOnTXEFlagUntilTimeout
                0x08002fc0       0x90 ./Drivers/STM32F4xx_HAL_Driver/Src/stm32f4xx_hal_i2c.o
 .text.I2C_WaitOnBTFFlagUntilTimeout
                0x08003050       0x90 ./Drivers/STM32F4xx_HAL_Driver/Src/stm32f4xx_hal_i2c.o
 .text.I2C_IsAcknowledgeFailed
                0x080030e0       0x5e ./Drivers/STM32F4xx_HAL_Driver/Src/stm32f4xx_hal_i2c.o
 *fill*         0x0800313e        0x2 
 .text.HAL_RCC_ClockConfig
                0x08003140      0x1cc ./Drivers/STM32F4xx_HAL_Driver/Src/stm32f4xx_hal_rcc.o
                0x08003140                HAL_RCC_ClockConfig
 .text.HAL_RCC_GetSysClockFreq
                0x0800330c      0x20c ./Drivers/STM32F4xx_HAL_Driver/Src/stm32f4xx_hal_rcc.o
                0x0800330c                HAL_RCC_GetSysClockFreq
 .text.HAL_RCC_GetHCLKFreq
                0x08003518       0x18 ./Drivers/STM32F4xx_HAL_Driver/Src/stm32f4xx_hal_rcc.o
                0x08003518                HAL_RCC_GetHCLKFreq
 .text.HAL_RCC_GetPCLK1Freq
                0x08003530       0x28 ./Drivers/STM32F4xx_HAL_Driver/Src/stm32f4xx_hal_rcc.o
                0x08003530                HAL_RCC_GetPCLK1Freq
 .text.HAL_RCC_GetPCLK2Freq
                0x08003558       0x28 ./Drivers/STM32F4xx_HAL_Driver/Src/stm32f4xx_hal_rcc.o
                0x08003558                HAL_RCC_GetPCLK2Freq
 .text.HAL_RCC_OscConfig
                0x08003580      0x508 ./Drivers/STM32F4xx_HAL_Driver/Src/stm32f4xx_hal_rcc_ex.o
                0x08003580                HAL_RCC_OscConfig
 .text.HAL_UART_Init
                0x08003a88       0xa0 ./Drivers/STM32F4xx_HAL_Driver/Src/stm32f4xx_hal_uart.o
                0x08003a88                HAL_UART_Init
 .text.HAL_UART_Transmit
                0x08003b28      0x116 ./Drivers/STM32F4xx_HAL_Driver/Src/stm32f4xx_hal_uart.o
                0x08003b28                HAL_UART_Transmit
 .text.HAL_UART_Receive
                0x08003c3e      0x12e ./Drivers/STM32F4xx_HAL_Driver/Src/stm32f4xx_hal_uart.o
                0x08003c3e                HAL_UART_Receive
 .text.HAL_UART_IRQHandler
                0x08003d6c      0x524 ./Drivers/STM32F4xx_HAL_Driver/Src/stm32f4xx_hal_uart.o
                0x08003d6c                HAL_UART_IRQHandler
 .text.HAL_UART_RxCpltCallback
                0x08004290       0x14 ./Drivers/STM32F4xx_HAL_Driver/Src/stm32f4xx_hal_uart.o
                0x08004290                HAL_UART_RxCpltCallback
 .text.HAL_UART_ErrorCallback
                0x080042a4       0x14 ./Drivers/STM32F4xx_HAL_Driver/Src/stm32f4xx_hal_uart.o
                0x080042a4                HAL_UART_ErrorCallback
 .text.HAL_UARTEx_RxEventCallback
                0x080042b8       0x18 ./Drivers/STM32F4xx_HAL_Driver/Src/stm32f4xx_hal_uart.o
                0x080042b8                HAL_UARTEx_RxEventCallback
 .text.UART_WaitOnFlagUntilTimeout
                0x080042d0       0xb2 ./Drivers/STM32F4xx_HAL_Driver/Src/stm32f4xx_hal_uart.o
 .text.UART_EndRxTransfer
                0x08004382       0xc6 ./Drivers/STM32F4xx_HAL_Driver/Src/stm32f4xx_hal_uart.o
 .text.UART_DMAAbortOnError
                0x08004448       0x28 ./Drivers/STM32F4xx_HAL_Driver/Src/stm32f4xx_hal_uart.o
 .text.UART_Transmit_IT
                0x08004470       0xa0 ./Drivers/STM32F4xx_HAL_Driver/Src/stm32f4xx_hal_uart.o
 .text.UART_EndTransmit_IT
                0x08004510       0x30 ./Drivers/STM32F4xx_HAL_Driver/Src/stm32f4xx_hal_uart.o
 .text.UART_Receive_IT
                0x08004540      0x17c ./Drivers/STM32F4xx_HAL_Driver/Src/stm32f4xx_hal_uart.o
 .text.UART_SetConfig
                0x080046bc      0x508 ./Drivers/STM32F4xx_HAL_Driver/Src/stm32f4xx_hal_uart.o
 .text.sprintf  0x08004bc4       0x40 C:/ST/STM32CubeIDE_1.16.0/STM32CubeIDE/plugins/com.st.stm32cube.ide.mcu.externaltools.gnu-tools-for-stm32.12.3.rel1.win32_1.1.0.202410251130/tools/bin/../lib/gcc/arm-none-eabi/12.3.1/../../../../arm-none-eabi/lib/thumb/v7e-m+fp/hard\libc_nano.a(libc_a-sprintf.o)
                0x08004bc4                siprintf
                0x08004bc4                sprintf
 .text.memset   0x08004c04       0x10 C:/ST/STM32CubeIDE_1.16.0/STM32CubeIDE/plugins/com.st.stm32cube.ide.mcu.externaltools.gnu-tools-for-stm32.12.3.rel1.win32_1.1.0.202410251130/tools/bin/../lib/gcc/arm-none-eabi/12.3.1/../../../../arm-none-eabi/lib/thumb/v7e-m+fp/hard\libc_nano.a(libc_a-memset.o)
                0x08004c04                memset
 .text.__errno  0x08004c14        0xc C:/ST/STM32CubeIDE_1.16.0/STM32CubeIDE/plugins/com.st.stm32cube.ide.mcu.externaltools.gnu-tools-for-stm32.12.3.rel1.win32_1.1.0.202410251130/tools/bin/../lib/gcc/arm-none-eabi/12.3.1/../../../../arm-none-eabi/lib/thumb/v7e-m+fp/hard\libc_nano.a(libc_a-errno.o)
                0x08004c14                __errno
 .text.__libc_init_array
                0x08004c20       0x48 C:/ST/STM32CubeIDE_1.16.0/STM32CubeIDE/plugins/com.st.stm32cube.ide.mcu.externaltools.gnu-tools-for-stm32.12.3.rel1.win32_1.1.0.202410251130/tools/bin/../lib/gcc/arm-none-eabi/12.3.1/../../../../arm-none-eabi/lib/thumb/v7e-m+fp/hard\libc_nano.a(libc_a-init.o)
                0x08004c20                __libc_init_array
 .text.__retarget_lock_acquire_recursive
                0x08004c68        0x2 C:/ST/STM32CubeIDE_1.16.0/STM32CubeIDE/plugins/com.st.stm32cube.ide.mcu.externaltools.gnu-tools-for-stm32.12.3.rel1.win32_1.1.0.202410251130/tools/bin/../lib/gcc/arm-none-eabi/12.3.1/../../../../arm-none-eabi/lib/thumb/v7e-m+fp/hard\libc_nano.a(libc_a-lock.o)
                0x08004c68                __retarget_lock_acquire_recursive
 .text.__retarget_lock_release_recursive
                0x08004c6a        0x2 C:/ST/STM32CubeIDE_1.16.0/STM32CubeIDE/plugins/com.st.stm32cube.ide.mcu.externaltools.gnu-tools-for-stm32.12.3.rel1.win32_1.1.0.202410251130/tools/bin/../lib/gcc/arm-none-eabi/12.3.1/../../../../arm-none-eabi/lib/thumb/v7e-m+fp/hard\libc_nano.a(libc_a-lock.o)
                0x08004c6a                __retarget_lock_release_recursive
 .text.strcpy   0x08004c6c       0x10 C:/ST/STM32CubeIDE_1.16.0/STM32CubeIDE/plugins/com.st.stm32cube.ide.mcu.externaltools.gnu-tools-for-stm32.12.3.rel1.win32_1.1.0.202410251130/tools/bin/../lib/gcc/arm-none-eabi/12.3.1/../../../../arm-none-eabi/lib/thumb/v7e-m+fp/hard\libc_nano.a(libc_a-strcpy.o)
                0x08004c6c                strcpy
 .text._free_r  0x08004c7c       0x94 C:/ST/STM32CubeIDE_1.16.0/STM32CubeIDE/plugins/com.st.stm32cube.ide.mcu.externaltools.gnu-tools-for-stm32.12.3.rel1.win32_1.1.0.202410251130/tools/bin/../lib/gcc/arm-none-eabi/12.3.1/../../../../arm-none-eabi/lib/thumb/v7e-m+fp/hard\libc_nano.a(libc_a-freer.o)
                0x08004c7c                _free_r
 .text.sbrk_aligned
                0x08004d10       0x44 C:/ST/STM32CubeIDE_1.16.0/STM32CubeIDE/plugins/com.st.stm32cube.ide.mcu.externaltools.gnu-tools-for-stm32.12.3.rel1.win32_1.1.0.202410251130/tools/bin/../lib/gcc/arm-none-eabi/12.3.1/../../../../arm-none-eabi/lib/thumb/v7e-m+fp/hard\libc_nano.a(libc_a-mallocr.o)
 .text._malloc_r
                0x08004d54      0x100 C:/ST/STM32CubeIDE_1.16.0/STM32CubeIDE/plugins/com.st.stm32cube.ide.mcu.externaltools.gnu-tools-for-stm32.12.3.rel1.win32_1.1.0.202410251130/tools/bin/../lib/gcc/arm-none-eabi/12.3.1/../../../../arm-none-eabi/lib/thumb/v7e-m+fp/hard\libc_nano.a(libc_a-mallocr.o)
                0x08004d54                _malloc_r
 .text.__malloc_lock
                0x08004e54        0xc C:/ST/STM32CubeIDE_1.16.0/STM32CubeIDE/plugins/com.st.stm32cube.ide.mcu.externaltools.gnu-tools-for-stm32.12.3.rel1.win32_1.1.0.202410251130/tools/bin/../lib/gcc/arm-none-eabi/12.3.1/../../../../arm-none-eabi/lib/thumb/v7e-m+fp/hard\libc_nano.a(libc_a-mlock.o)
                0x08004e54                __malloc_lock
 .text.__malloc_unlock
                0x08004e60        0xc C:/ST/STM32CubeIDE_1.16.0/STM32CubeIDE/plugins/com.st.stm32cube.ide.mcu.externaltools.gnu-tools-for-stm32.12.3.rel1.win32_1.1.0.202410251130/tools/bin/../lib/gcc/arm-none-eabi/12.3.1/../../../../arm-none-eabi/lib/thumb/v7e-m+fp/hard\libc_nano.a(libc_a-mlock.o)
                0x08004e60                __malloc_unlock
 .text.__ssputs_r
                0x08004e6c       0xb6 C:/ST/STM32CubeIDE_1.16.0/STM32CubeIDE/plugins/com.st.stm32cube.ide.mcu.externaltools.gnu-tools-for-stm32.12.3.rel1.win32_1.1.0.202410251130/tools/bin/../lib/gcc/arm-none-eabi/12.3.1/../../../../arm-none-eabi/lib/thumb/v7e-m+fp/hard\libc_nano.a(libc_a-nano-svfprintf.o)
                0x08004e6c                __ssputs_r
 *fill*         0x08004f22        0x2 
 .text._svfprintf_r
                0x08004f24      0x1f8 C:/ST/STM32CubeIDE_1.16.0/STM32CubeIDE/plugins/com.st.stm32cube.ide.mcu.externaltools.gnu-tools-for-stm32.12.3.rel1.win32_1.1.0.202410251130/tools/bin/../lib/gcc/arm-none-eabi/12.3.1/../../../../arm-none-eabi/lib/thumb/v7e-m+fp/hard\libc_nano.a(libc_a-nano-svfprintf.o)
                0x08004f24                _svfiprintf_r
                0x08004f24                _svfprintf_r
 .text._printf_common
                0x0800511c       0xda C:/ST/STM32CubeIDE_1.16.0/STM32CubeIDE/plugins/com.st.stm32cube.ide.mcu.externaltools.gnu-tools-for-stm32.12.3.rel1.win32_1.1.0.202410251130/tools/bin/../lib/gcc/arm-none-eabi/12.3.1/../../../../arm-none-eabi/lib/thumb/v7e-m+fp/hard\libc_nano.a(libc_a-nano-vfprintf_i.o)
                0x0800511c                _printf_common
 *fill*         0x080051f6        0x2 
 .text._printf_i
                0x080051f8      0x240 C:/ST/STM32CubeIDE_1.16.0/STM32CubeIDE/plugins/com.st.stm32cube.ide.mcu.externaltools.gnu-tools-for-stm32.12.3.rel1.win32_1.1.0.202410251130/tools/bin/../lib/gcc/arm-none-eabi/12.3.1/../../../../arm-none-eabi/lib/thumb/v7e-m+fp/hard\libc_nano.a(libc_a-nano-vfprintf_i.o)
                0x080051f8                _printf_i
 .text.memmove  0x08005438       0x34 C:/ST/STM32CubeIDE_1.16.0/STM32CubeIDE/plugins/com.st.stm32cube.ide.mcu.externaltools.gnu-tools-for-stm32.12.3.rel1.win32_1.1.0.202410251130/tools/bin/../lib/gcc/arm-none-eabi/12.3.1/../../../../arm-none-eabi/lib/thumb/v7e-m+fp/hard\libc_nano.a(libc_a-memmove.o)
                0x08005438                memmove
 .text._sbrk_r  0x0800546c       0x20 C:/ST/STM32CubeIDE_1.16.0/STM32CubeIDE/plugins/com.st.stm32cube.ide.mcu.externaltools.gnu-tools-for-stm32.12.3.rel1.win32_1.1.0.202410251130/tools/bin/../lib/gcc/arm-none-eabi/12.3.1/../../../../arm-none-eabi/lib/thumb/v7e-m+fp/hard\libc_nano.a(libc_a-sbrkr.o)
                0x0800546c                _sbrk_r
 .text.memcpy   0x0800548c       0x1c C:/ST/STM32CubeIDE_1.16.0/STM32CubeIDE/plugins/com.st.stm32cube.ide.mcu.externaltools.gnu-tools-for-stm32.12.3.rel1.win32_1.1.0.202410251130/tools/bin/../lib/gcc/arm-none-eabi/12.3.1/../../../../arm-none-eabi/lib/thumb/v7e-m+fp/hard\libc_nano.a(libc_a-memcpy-stub.o)
                0x0800548c                memcpy
 .text._realloc_r
                0x080054a8       0x5c C:/ST/STM32CubeIDE_1.16.0/STM32CubeIDE/plugins/com.st.stm32cube.ide.mcu.externaltools.gnu-tools-for-stm32.12.3.rel1.win32_1.1.0.202410251130/tools/bin/../lib/gcc/arm-none-eabi/12.3.1/../../../../arm-none-eabi/lib/thumb/v7e-m+fp/hard\libc_nano.a(libc_a-reallocr.o)
                0x080054a8                _realloc_r
 .text._malloc_usable_size_r
                0x08005504       0x10 C:/ST/STM32CubeIDE_1.16.0/STM32CubeIDE/plugins/com.st.stm32cube.ide.mcu.externaltools.gnu-tools-for-stm32.12.3.rel1.win32_1.1.0.202410251130/tools/bin/../lib/gcc/arm-none-eabi/12.3.1/../../../../arm-none-eabi/lib/thumb/v7e-m+fp/hard\libc_nano.a(libc_a-msizer.o)
                0x08005504                _malloc_usable_size_r
 *(.glue_7)
 .glue_7        0x08005514        0x0 linker stubs
 *(.glue_7t)
 .glue_7t       0x08005514        0x0 linker stubs
 *(.eh_frame)
 .eh_frame      0x08005514        0x0 C:/ST/STM32CubeIDE_1.16.0/STM32CubeIDE/plugins/com.st.stm32cube.ide.mcu.externaltools.gnu-tools-for-stm32.12.3.rel1.win32_1.1.0.202410251130/tools/bin/../lib/gcc/arm-none-eabi/12.3.1/thumb/v7e-m+fp/hard/crtbegin.o
 *(.init)
 .init          0x08005514        0x4 C:/ST/STM32CubeIDE_1.16.0/STM32CubeIDE/plugins/com.st.stm32cube.ide.mcu.externaltools.gnu-tools-for-stm32.12.3.rel1.win32_1.1.0.202410251130/tools/bin/../lib/gcc/arm-none-eabi/12.3.1/thumb/v7e-m+fp/hard/crti.o
                0x08005514                _init
 .init          0x08005518        0x8 C:/ST/STM32CubeIDE_1.16.0/STM32CubeIDE/plugins/com.st.stm32cube.ide.mcu.externaltools.gnu-tools-for-stm32.12.3.rel1.win32_1.1.0.202410251130/tools/bin/../lib/gcc/arm-none-eabi/12.3.1/thumb/v7e-m+fp/hard/crtn.o
 *(.fini)
 .fini          0x08005520        0x4 C:/ST/STM32CubeIDE_1.16.0/STM32CubeIDE/plugins/com.st.stm32cube.ide.mcu.externaltools.gnu-tools-for-stm32.12.3.rel1.win32_1.1.0.202410251130/tools/bin/../lib/gcc/arm-none-eabi/12.3.1/thumb/v7e-m+fp/hard/crti.o
                0x08005520                _fini
 .fini          0x08005524        0x8 C:/ST/STM32CubeIDE_1.16.0/STM32CubeIDE/plugins/com.st.stm32cube.ide.mcu.externaltools.gnu-tools-for-stm32.12.3.rel1.win32_1.1.0.202410251130/tools/bin/../lib/gcc/arm-none-eabi/12.3.1/thumb/v7e-m+fp/hard/crtn.o
                0x0800552c                        . = ALIGN (0x4)
                0x0800552c                        _etext = .

.vfp11_veneer   0x0800552c        0x0
 .vfp11_veneer  0x0800552c        0x0 linker stubs

.v4_bx          0x0800552c        0x0
 .v4_bx         0x0800552c        0x0 linker stubs

.iplt           0x0800552c        0x0
 .iplt          0x0800552c        0x0 C:/ST/STM32CubeIDE_1.16.0/STM32CubeIDE/plugins/com.st.stm32cube.ide.mcu.externaltools.gnu-tools-for-stm32.12.3.rel1.win32_1.1.0.202410251130/tools/bin/../lib/gcc/arm-none-eabi/12.3.1/thumb/v7e-m+fp/hard/crtbegin.o

.rodata         0x0800552c      0x2bc
                0x0800552c                        . = ALIGN (0x4)
 *(.rodata)
 .rodata        0x0800552c      0x270 ./Core/Src/main.o
 *(.rodata*)
 .rodata.AHBPrescTable
                0x0800579c       0x10 ./Core/Src/system_stm32f4xx.o
                0x0800579c                AHBPrescTable
 .rodata.APBPrescTable
                0x080057ac        0x8 ./Core/Src/system_stm32f4xx.o
                0x080057ac                APBPrescTable
 .rodata._svfprintf_r.str1.1
                0x080057b4       0x11 C:/ST/STM32CubeIDE_1.16.0/STM32CubeIDE/plugins/com.st.stm32cube.ide.mcu.externaltools.gnu-tools-for-stm32.12.3.rel1.win32_1.1.0.202410251130/tools/bin/../lib/gcc/arm-none-eabi/12.3.1/../../../../arm-none-eabi/lib/thumb/v7e-m+fp/hard\libc_nano.a(libc_a-nano-svfprintf.o)
 .rodata._printf_i.str1.1
                0x080057c5       0x22 C:/ST/STM32CubeIDE_1.16.0/STM32CubeIDE/plugins/com.st.stm32cube.ide.mcu.externaltools.gnu-tools-for-stm32.12.3.rel1.win32_1.1.0.202410251130/tools/bin/../lib/gcc/arm-none-eabi/12.3.1/../../../../arm-none-eabi/lib/thumb/v7e-m+fp/hard\libc_nano.a(libc_a-nano-vfprintf_i.o)
                0x080057e8                        . = ALIGN (0x4)
 *fill*         0x080057e7        0x1 

.ARM.extab      0x080057e8        0x0
                0x080057e8                        . = ALIGN (0x4)
 *(.ARM.extab* .gnu.linkonce.armextab.*)
                0x080057e8                        . = ALIGN (0x4)

.ARM            0x080057e8        0x8
                0x080057e8                        . = ALIGN (0x4)
                0x080057e8                        __exidx_start = .
 *(.ARM.exidx*)
 .ARM.exidx     0x080057e8        0x8 C:/ST/STM32CubeIDE_1.16.0/STM32CubeIDE/plugins/com.st.stm32cube.ide.mcu.externaltools.gnu-tools-for-stm32.12.3.rel1.win32_1.1.0.202410251130/tools/bin/../lib/gcc/arm-none-eabi/12.3.1/../../../../arm-none-eabi/lib/thumb/v7e-m+fp/hard\libc_nano.a(libc_a-strcmp.o)
 .ARM.exidx     0x080057f0        0x0 C:/ST/STM32CubeIDE_1.16.0/STM32CubeIDE/plugins/com.st.stm32cube.ide.mcu.externaltools.gnu-tools-for-stm32.12.3.rel1.win32_1.1.0.202410251130/tools/bin/../lib/gcc/arm-none-eabi/12.3.1/../../../../arm-none-eabi/lib/thumb/v7e-m+fp/hard\libc_nano.a(libc_a-strlen.o)
                                  0x8 (size before relaxing)
 .ARM.exidx     0x080057f0        0x0 C:/ST/STM32CubeIDE_1.16.0/STM32CubeIDE/plugins/com.st.stm32cube.ide.mcu.externaltools.gnu-tools-for-stm32.12.3.rel1.win32_1.1.0.202410251130/tools/bin/../lib/gcc/arm-none-eabi/12.3.1/../../../../arm-none-eabi/lib/thumb/v7e-m+fp/hard\libc_nano.a(libc_a-memchr.o)
                                  0x8 (size before relaxing)
 .ARM.exidx     0x080057f0        0x0 C:/ST/STM32CubeIDE_1.16.0/STM32CubeIDE/plugins/com.st.stm32cube.ide.mcu.externaltools.gnu-tools-for-stm32.12.3.rel1.win32_1.1.0.202410251130/tools/bin/../lib/gcc/arm-none-eabi/12.3.1/thumb/v7e-m+fp/hard\libgcc.a(_udivmoddi4.o)
                                  0x8 (size before relaxing)
                0x080057f0                        __exidx_end = .
                0x080057f0                        . = ALIGN (0x4)

.preinit_array  0x080057f0        0x0
                0x080057f0                        . = ALIGN (0x4)
                0x080057f0                        PROVIDE (__preinit_array_start = .)
 *(.preinit_array*)
                0x080057f0                        PROVIDE (__preinit_array_end = .)
                0x080057f0                        . = ALIGN (0x4)

.init_array     0x080057f0        0x4
                0x080057f0                        . = ALIGN (0x4)
                0x080057f0                        PROVIDE (__init_array_start = .)
 *(SORT_BY_NAME(.init_array.*))
 *(.init_array*)
 .init_array    0x080057f0        0x4 C:/ST/STM32CubeIDE_1.16.0/STM32CubeIDE/plugins/com.st.stm32cube.ide.mcu.externaltools.gnu-tools-for-stm32.12.3.rel1.win32_1.1.0.202410251130/tools/bin/../lib/gcc/arm-none-eabi/12.3.1/thumb/v7e-m+fp/hard/crtbegin.o
                0x080057f4                        PROVIDE (__init_array_end = .)
                0x080057f4                        . = ALIGN (0x4)

.fini_array     0x080057f4        0x4
                0x080057f4                        . = ALIGN (0x4)
                [!provide]                        PROVIDE (__fini_array_start = .)
 *(SORT_BY_NAME(.fini_array.*))
 *(.fini_array*)
 .fini_array    0x080057f4        0x4 C:/ST/STM32CubeIDE_1.16.0/STM32CubeIDE/plugins/com.st.stm32cube.ide.mcu.externaltools.gnu-tools-for-stm32.12.3.rel1.win32_1.1.0.202410251130/tools/bin/../lib/gcc/arm-none-eabi/12.3.1/thumb/v7e-m+fp/hard/crtbegin.o
                [!provide]                        PROVIDE (__fini_array_end = .)
                0x080057f8                        . = ALIGN (0x4)
                0x080057f8                        _sidata = LOADADDR (.data)

.rel.dyn        0x080057f8        0x0
 .rel.iplt      0x080057f8        0x0 C:/ST/STM32CubeIDE_1.16.0/STM32CubeIDE/plugins/com.st.stm32cube.ide.mcu.externaltools.gnu-tools-for-stm32.12.3.rel1.win32_1.1.0.202410251130/tools/bin/../lib/gcc/arm-none-eabi/12.3.1/thumb/v7e-m+fp/hard/crtbegin.o

.data           0x20000000       0x84 load address 0x080057f8
                0x20000000                        . = ALIGN (0x4)
                0x20000000                        _sdata = .
 *(.data)
 *(.data*)
 .data.currentPassword
                0x20000000        0x5 ./Core/Src/main.o
                0x20000000                currentPassword
 *fill*         0x20000005        0x3 
 .data.SystemCoreClock
                0x20000008        0x4 ./Core/Src/system_stm32f4xx.o
                0x20000008                SystemCoreClock
 .data.lcd_backlight
                0x2000000c        0x1 ./Drivers/API/Src/API_LCD.o
 *fill*         0x2000000d        0x3 
 .data.keymap   0x20000010        0xc ./Drivers/API/Src/API_Teclado4x3.o
 .data.row_pins
                0x2000001c        0x8 ./Drivers/API/Src/API_Teclado4x3.o
 .data.col_pins
                0x20000024        0x6 ./Drivers/API/Src/API_Teclado4x3.o
 *fill*         0x2000002a        0x2 
 .data.uwTickPrio
                0x2000002c        0x4 ./Drivers/STM32F4xx_HAL_Driver/Src/stm32f4xx_hal.o
                0x2000002c                uwTickPrio
 .data.uwTickFreq
                0x20000030        0x1 ./Drivers/STM32F4xx_HAL_Driver/Src/stm32f4xx_hal.o
                0x20000030                uwTickFreq
 *fill*         0x20000031        0x3 
 .data._impure_ptr
                0x20000034        0x4 C:/ST/STM32CubeIDE_1.16.0/STM32CubeIDE/plugins/com.st.stm32cube.ide.mcu.externaltools.gnu-tools-for-stm32.12.3.rel1.win32_1.1.0.202410251130/tools/bin/../lib/gcc/arm-none-eabi/12.3.1/../../../../arm-none-eabi/lib/thumb/v7e-m+fp/hard\libc_nano.a(libc_a-impure.o)
                0x20000034                _impure_ptr
 .data._impure_data
                0x20000038       0x4c C:/ST/STM32CubeIDE_1.16.0/STM32CubeIDE/plugins/com.st.stm32cube.ide.mcu.externaltools.gnu-tools-for-stm32.12.3.rel1.win32_1.1.0.202410251130/tools/bin/../lib/gcc/arm-none-eabi/12.3.1/../../../../arm-none-eabi/lib/thumb/v7e-m+fp/hard\libc_nano.a(libc_a-impure.o)
                0x20000038                _impure_data
 *(.RamFunc)
 *(.RamFunc*)
                0x20000084                        . = ALIGN (0x4)
                0x20000084                        _edata = .

.igot.plt       0x20000084        0x0 load address 0x0800587c
 .igot.plt      0x20000084        0x0 C:/ST/STM32CubeIDE_1.16.0/STM32CubeIDE/plugins/com.st.stm32cube.ide.mcu.externaltools.gnu-tools-for-stm32.12.3.rel1.win32_1.1.0.202410251130/tools/bin/../lib/gcc/arm-none-eabi/12.3.1/thumb/v7e-m+fp/hard/crtbegin.o
                0x20000084                        . = ALIGN (0x4)

.bss            0x20000084      0x294 load address 0x0800587c
                0x20000084                        _sbss = .
                0x20000084                        __bss_start__ = _sbss
 *(.bss)
 .bss           0x20000084       0x1c C:/ST/STM32CubeIDE_1.16.0/STM32CubeIDE/plugins/com.st.stm32cube.ide.mcu.externaltools.gnu-tools-for-stm32.12.3.rel1.win32_1.1.0.202410251130/tools/bin/../lib/gcc/arm-none-eabi/12.3.1/thumb/v7e-m+fp/hard/crtbegin.o
 *(.bss*)
 .bss.newPassword
                0x200000a0        0x5 ./Core/Src/main.o
                0x200000a0                newPassword
 .bss.currentState
                0x200000a5        0x1 ./Core/Src/main.o
                0x200000a5                currentState
 .bss.includeMotionSensor
                0x200000a6        0x1 ./Core/Src/main.o
                0x200000a6                includeMotionSensor
 *fill*         0x200000a7        0x1 
 .bss.inputBuffer
                0x200000a8        0x5 ./Core/Src/main.o
                0x200000a8                inputBuffer
 .bss.inputIndex
                0x200000ad        0x1 ./Core/Src/main.o
                0x200000ad                inputIndex
 .bss.alarmActivated
                0x200000ae        0x1 ./Core/Src/main.o
                0x200000ae                alarmActivated
 *fill*         0x200000af        0x1 
 .bss.DelayGRAL_1
                0x200000b0        0xc ./Core/Src/main.o
                0x200000b0                DelayGRAL_1
 .bss.DelayGRAL_2
                0x200000bc        0xc ./Core/Src/main.o
                0x200000bc                DelayGRAL_2
 .bss.LCD_Muestro
                0x200000c8        0xc ./Core/Src/main.o
                0x200000c8                LCD_Muestro
 .bss.countdownStarted.3
                0x200000d4        0x1 ./Core/Src/main.o
 *fill*         0x200000d5        0x3 
 .bss.countdownDelay.2
                0x200000d8        0xc ./Core/Src/main.o
 .bss.countdownStarted.1
                0x200000e4        0x1 ./Core/Src/main.o
 *fill*         0x200000e5        0x3 
 .bss.countdownDelay.0
                0x200000e8        0xc ./Core/Src/main.o
 .bss.__sbrk_heap_end
                0x200000f4        0x4 ./Core/Src/sysmem.o
 .bss.huart2    0x200000f8       0x48 ./Drivers/API/Src/API_BT.o
                0x200000f8                huart2
 .bss.actualState
                0x20000140        0x1 ./Drivers/API/Src/API_Debounce.o
 .bss.keyPressed
                0x20000141        0x1 ./Drivers/API/Src/API_Debounce.o
 .bss.flanco_descendente
                0x20000142        0x1 ./Drivers/API/Src/API_Debounce.o
 .bss.buttonRead
                0x20000143        0x1 ./Drivers/API/Src/API_Debounce.o
                0x20000143                buttonRead
 .bss.debounceDelay
                0x20000144        0xc ./Drivers/API/Src/API_Debounce.o
                0x20000144                debounceDelay
 .bss.hi2c2     0x20000150       0x54 ./Drivers/API/Src/API_LCD.o
                0x20000150                hi2c2
 .bss.lcd_control
                0x200001a4        0x1 ./Drivers/API/Src/API_LCD.o
 *fill*         0x200001a5        0x3 
 .bss.key_buffer
                0x200001a8       0x10 ./Drivers/API/Src/API_Teclado4x3.o
 .bss.buffer_head
                0x200001b8        0x4 ./Drivers/API/Src/API_Teclado4x3.o
 .bss.buffer_tail
                0x200001bc        0x4 ./Drivers/API/Src/API_Teclado4x3.o
 .bss.debounce_delay
                0x200001c0        0xc ./Drivers/API/Src/API_Teclado4x3.o
                0x200001c0                debounce_delay
 .bss.uwTick    0x200001cc        0x4 ./Drivers/STM32F4xx_HAL_Driver/Src/stm32f4xx_hal.o
                0x200001cc                uwTick
 .bss.__sf      0x200001d0      0x138 C:/ST/STM32CubeIDE_1.16.0/STM32CubeIDE/plugins/com.st.stm32cube.ide.mcu.externaltools.gnu-tools-for-stm32.12.3.rel1.win32_1.1.0.202410251130/tools/bin/../lib/gcc/arm-none-eabi/12.3.1/../../../../arm-none-eabi/lib/thumb/v7e-m+fp/hard\libc_nano.a(libc_a-findfp.o)
                0x200001d0                __sf
 .bss.errno     0x20000308        0x4 C:/ST/STM32CubeIDE_1.16.0/STM32CubeIDE/plugins/com.st.stm32cube.ide.mcu.externaltools.gnu-tools-for-stm32.12.3.rel1.win32_1.1.0.202410251130/tools/bin/../lib/gcc/arm-none-eabi/12.3.1/../../../../arm-none-eabi/lib/thumb/v7e-m+fp/hard\libc_nano.a(libc_a-reent.o)
                0x20000308                errno
 .bss.__lock___malloc_recursive_mutex
                0x2000030c        0x1 C:/ST/STM32CubeIDE_1.16.0/STM32CubeIDE/plugins/com.st.stm32cube.ide.mcu.externaltools.gnu-tools-for-stm32.12.3.rel1.win32_1.1.0.202410251130/tools/bin/../lib/gcc/arm-none-eabi/12.3.1/../../../../arm-none-eabi/lib/thumb/v7e-m+fp/hard\libc_nano.a(libc_a-lock.o)
                0x2000030c                __lock___malloc_recursive_mutex
 *fill*         0x2000030d        0x3 
 .bss.__malloc_sbrk_start
                0x20000310        0x4 C:/ST/STM32CubeIDE_1.16.0/STM32CubeIDE/plugins/com.st.stm32cube.ide.mcu.externaltools.gnu-tools-for-stm32.12.3.rel1.win32_1.1.0.202410251130/tools/bin/../lib/gcc/arm-none-eabi/12.3.1/../../../../arm-none-eabi/lib/thumb/v7e-m+fp/hard\libc_nano.a(libc_a-mallocr.o)
                0x20000310                __malloc_sbrk_start
 .bss.__malloc_free_list
                0x20000314        0x4 C:/ST/STM32CubeIDE_1.16.0/STM32CubeIDE/plugins/com.st.stm32cube.ide.mcu.externaltools.gnu-tools-for-stm32.12.3.rel1.win32_1.1.0.202410251130/tools/bin/../lib/gcc/arm-none-eabi/12.3.1/../../../../arm-none-eabi/lib/thumb/v7e-m+fp/hard\libc_nano.a(libc_a-mallocr.o)
                0x20000314                __malloc_free_list
 *(COMMON)
                0x20000318                        . = ALIGN (0x4)
                0x20000318                        _ebss = .
                0x20000318                        __bss_end__ = _ebss

._user_heap_stack
                0x20000318      0x600 load address 0x0800587c
                0x20000318                        . = ALIGN (0x8)
                [!provide]                        PROVIDE (end = .)
                0x20000318                        PROVIDE (_end = .)
                0x20000518                        . = (. + _Min_Heap_Size)
 *fill*         0x20000318      0x200 
                0x20000918                        . = (. + _Min_Stack_Size)
 *fill*         0x20000518      0x400 
                0x20000918                        . = ALIGN (0x8)

/DISCARD/
 libc.a(*)
 libm.a(*)
 libgcc.a(*)

.ARM.attributes
                0x00000000       0x30
 *(.ARM.attributes)
 .ARM.attributes
                0x00000000       0x22 C:/ST/STM32CubeIDE_1.16.0/STM32CubeIDE/plugins/com.st.stm32cube.ide.mcu.externaltools.gnu-tools-for-stm32.12.3.rel1.win32_1.1.0.202410251130/tools/bin/../lib/gcc/arm-none-eabi/12.3.1/thumb/v7e-m+fp/hard/crti.o
 .ARM.attributes
                0x00000022       0x34 C:/ST/STM32CubeIDE_1.16.0/STM32CubeIDE/plugins/com.st.stm32cube.ide.mcu.externaltools.gnu-tools-for-stm32.12.3.rel1.win32_1.1.0.202410251130/tools/bin/../lib/gcc/arm-none-eabi/12.3.1/thumb/v7e-m+fp/hard/crtbegin.o
 .ARM.attributes
                0x00000056       0x34 ./Core/Src/main.o
 .ARM.attributes
                0x0000008a       0x34 ./Core/Src/stm32f4xx_hal_msp.o
 .ARM.attributes
                0x000000be       0x34 ./Core/Src/stm32f4xx_it.o
 .ARM.attributes
                0x000000f2       0x34 ./Core/Src/sysmem.o
 .ARM.attributes
                0x00000126       0x34 ./Core/Src/system_stm32f4xx.o
 .ARM.attributes
                0x0000015a       0x21 ./Core/Startup/startup_stm32f413zhtx.o
 .ARM.attributes
                0x0000017b       0x34 ./Drivers/API/Src/API_BT.o
 .ARM.attributes
                0x000001af       0x34 ./Drivers/API/Src/API_Debounce.o
 .ARM.attributes
                0x000001e3       0x34 ./Drivers/API/Src/API_Delay.o
 .ARM.attributes
                0x00000217       0x34 ./Drivers/API/Src/API_GPIO.o
 .ARM.attributes
                0x0000024b       0x34 ./Drivers/API/Src/API_LCD.o
 .ARM.attributes
                0x0000027f       0x34 ./Drivers/API/Src/API_Teclado4x3.o
 .ARM.attributes
                0x000002b3       0x34 ./Drivers/STM32F4xx_HAL_Driver/Src/stm32f4xx_hal.o
 .ARM.attributes
                0x000002e7       0x34 ./Drivers/STM32F4xx_HAL_Driver/Src/stm32f4xx_hal_cortex.o
 .ARM.attributes
                0x0000031b       0x34 ./Drivers/STM32F4xx_HAL_Driver/Src/stm32f4xx_hal_dma.o
 .ARM.attributes
                0x0000034f       0x34 ./Drivers/STM32F4xx_HAL_Driver/Src/stm32f4xx_hal_gpio.o
 .ARM.attributes
                0x00000383       0x34 ./Drivers/STM32F4xx_HAL_Driver/Src/stm32f4xx_hal_i2c.o
 .ARM.attributes
                0x000003b7       0x34 ./Drivers/STM32F4xx_HAL_Driver/Src/stm32f4xx_hal_rcc.o
 .ARM.attributes
                0x000003eb       0x34 ./Drivers/STM32F4xx_HAL_Driver/Src/stm32f4xx_hal_rcc_ex.o
 .ARM.attributes
                0x0000041f       0x34 ./Drivers/STM32F4xx_HAL_Driver/Src/stm32f4xx_hal_uart.o
 .ARM.attributes
                0x00000453       0x34 C:/ST/STM32CubeIDE_1.16.0/STM32CubeIDE/plugins/com.st.stm32cube.ide.mcu.externaltools.gnu-tools-for-stm32.12.3.rel1.win32_1.1.0.202410251130/tools/bin/../lib/gcc/arm-none-eabi/12.3.1/../../../../arm-none-eabi/lib/thumb/v7e-m+fp/hard\libc_nano.a(libc_a-findfp.o)
 .ARM.attributes
                0x00000487       0x34 C:/ST/STM32CubeIDE_1.16.0/STM32CubeIDE/plugins/com.st.stm32cube.ide.mcu.externaltools.gnu-tools-for-stm32.12.3.rel1.win32_1.1.0.202410251130/tools/bin/../lib/gcc/arm-none-eabi/12.3.1/../../../../arm-none-eabi/lib/thumb/v7e-m+fp/hard\libc_nano.a(libc_a-sprintf.o)
 .ARM.attributes
                0x000004bb       0x34 C:/ST/STM32CubeIDE_1.16.0/STM32CubeIDE/plugins/com.st.stm32cube.ide.mcu.externaltools.gnu-tools-for-stm32.12.3.rel1.win32_1.1.0.202410251130/tools/bin/../lib/gcc/arm-none-eabi/12.3.1/../../../../arm-none-eabi/lib/thumb/v7e-m+fp/hard\libc_nano.a(libc_a-memset.o)
 .ARM.attributes
                0x000004ef       0x34 C:/ST/STM32CubeIDE_1.16.0/STM32CubeIDE/plugins/com.st.stm32cube.ide.mcu.externaltools.gnu-tools-for-stm32.12.3.rel1.win32_1.1.0.202410251130/tools/bin/../lib/gcc/arm-none-eabi/12.3.1/../../../../arm-none-eabi/lib/thumb/v7e-m+fp/hard\libc_nano.a(libc_a-reent.o)
 .ARM.attributes
                0x00000523       0x34 C:/ST/STM32CubeIDE_1.16.0/STM32CubeIDE/plugins/com.st.stm32cube.ide.mcu.externaltools.gnu-tools-for-stm32.12.3.rel1.win32_1.1.0.202410251130/tools/bin/../lib/gcc/arm-none-eabi/12.3.1/../../../../arm-none-eabi/lib/thumb/v7e-m+fp/hard\libc_nano.a(libc_a-impure.o)
 .ARM.attributes
                0x00000557       0x34 C:/ST/STM32CubeIDE_1.16.0/STM32CubeIDE/plugins/com.st.stm32cube.ide.mcu.externaltools.gnu-tools-for-stm32.12.3.rel1.win32_1.1.0.202410251130/tools/bin/../lib/gcc/arm-none-eabi/12.3.1/../../../../arm-none-eabi/lib/thumb/v7e-m+fp/hard\libc_nano.a(libc_a-errno.o)
 .ARM.attributes
                0x0000058b       0x34 C:/ST/STM32CubeIDE_1.16.0/STM32CubeIDE/plugins/com.st.stm32cube.ide.mcu.externaltools.gnu-tools-for-stm32.12.3.rel1.win32_1.1.0.202410251130/tools/bin/../lib/gcc/arm-none-eabi/12.3.1/../../../../arm-none-eabi/lib/thumb/v7e-m+fp/hard\libc_nano.a(libc_a-init.o)
 .ARM.attributes
                0x000005bf       0x34 C:/ST/STM32CubeIDE_1.16.0/STM32CubeIDE/plugins/com.st.stm32cube.ide.mcu.externaltools.gnu-tools-for-stm32.12.3.rel1.win32_1.1.0.202410251130/tools/bin/../lib/gcc/arm-none-eabi/12.3.1/../../../../arm-none-eabi/lib/thumb/v7e-m+fp/hard\libc_nano.a(libc_a-lock.o)
 .ARM.attributes
                0x000005f3       0x20 C:/ST/STM32CubeIDE_1.16.0/STM32CubeIDE/plugins/com.st.stm32cube.ide.mcu.externaltools.gnu-tools-for-stm32.12.3.rel1.win32_1.1.0.202410251130/tools/bin/../lib/gcc/arm-none-eabi/12.3.1/../../../../arm-none-eabi/lib/thumb/v7e-m+fp/hard\libc_nano.a(libc_a-strcmp.o)
 .ARM.attributes
                0x00000613       0x34 C:/ST/STM32CubeIDE_1.16.0/STM32CubeIDE/plugins/com.st.stm32cube.ide.mcu.externaltools.gnu-tools-for-stm32.12.3.rel1.win32_1.1.0.202410251130/tools/bin/../lib/gcc/arm-none-eabi/12.3.1/../../../../arm-none-eabi/lib/thumb/v7e-m+fp/hard\libc_nano.a(libc_a-strcpy.o)
 .ARM.attributes
                0x00000647       0x17 C:/ST/STM32CubeIDE_1.16.0/STM32CubeIDE/plugins/com.st.stm32cube.ide.mcu.externaltools.gnu-tools-for-stm32.12.3.rel1.win32_1.1.0.202410251130/tools/bin/../lib/gcc/arm-none-eabi/12.3.1/../../../../arm-none-eabi/lib/thumb/v7e-m+fp/hard\libc_nano.a(libc_a-strlen.o)
 .ARM.attributes
                0x0000065e       0x34 C:/ST/STM32CubeIDE_1.16.0/STM32CubeIDE/plugins/com.st.stm32cube.ide.mcu.externaltools.gnu-tools-for-stm32.12.3.rel1.win32_1.1.0.202410251130/tools/bin/../lib/gcc/arm-none-eabi/12.3.1/../../../../arm-none-eabi/lib/thumb/v7e-m+fp/hard\libc_nano.a(libc_a-freer.o)
 .ARM.attributes
                0x00000692       0x34 C:/ST/STM32CubeIDE_1.16.0/STM32CubeIDE/plugins/com.st.stm32cube.ide.mcu.externaltools.gnu-tools-for-stm32.12.3.rel1.win32_1.1.0.202410251130/tools/bin/../lib/gcc/arm-none-eabi/12.3.1/../../../../arm-none-eabi/lib/thumb/v7e-m+fp/hard\libc_nano.a(libc_a-mallocr.o)
 .ARM.attributes
                0x000006c6       0x34 C:/ST/STM32CubeIDE_1.16.0/STM32CubeIDE/plugins/com.st.stm32cube.ide.mcu.externaltools.gnu-tools-for-stm32.12.3.rel1.win32_1.1.0.202410251130/tools/bin/../lib/gcc/arm-none-eabi/12.3.1/../../../../arm-none-eabi/lib/thumb/v7e-m+fp/hard\libc_nano.a(libc_a-mlock.o)
 .ARM.attributes
                0x000006fa       0x34 C:/ST/STM32CubeIDE_1.16.0/STM32CubeIDE/plugins/com.st.stm32cube.ide.mcu.externaltools.gnu-tools-for-stm32.12.3.rel1.win32_1.1.0.202410251130/tools/bin/../lib/gcc/arm-none-eabi/12.3.1/../../../../arm-none-eabi/lib/thumb/v7e-m+fp/hard\libc_nano.a(libc_a-nano-svfprintf.o)
 .ARM.attributes
                0x0000072e       0x34 C:/ST/STM32CubeIDE_1.16.0/STM32CubeIDE/plugins/com.st.stm32cube.ide.mcu.externaltools.gnu-tools-for-stm32.12.3.rel1.win32_1.1.0.202410251130/tools/bin/../lib/gcc/arm-none-eabi/12.3.1/../../../../arm-none-eabi/lib/thumb/v7e-m+fp/hard\libc_nano.a(libc_a-nano-vfprintf_i.o)
 .ARM.attributes
                0x00000762       0x34 C:/ST/STM32CubeIDE_1.16.0/STM32CubeIDE/plugins/com.st.stm32cube.ide.mcu.externaltools.gnu-tools-for-stm32.12.3.rel1.win32_1.1.0.202410251130/tools/bin/../lib/gcc/arm-none-eabi/12.3.1/../../../../arm-none-eabi/lib/thumb/v7e-m+fp/hard\libc_nano.a(libc_a-memmove.o)
 .ARM.attributes
                0x00000796       0x34 C:/ST/STM32CubeIDE_1.16.0/STM32CubeIDE/plugins/com.st.stm32cube.ide.mcu.externaltools.gnu-tools-for-stm32.12.3.rel1.win32_1.1.0.202410251130/tools/bin/../lib/gcc/arm-none-eabi/12.3.1/../../../../arm-none-eabi/lib/thumb/v7e-m+fp/hard\libc_nano.a(libc_a-sbrkr.o)
 .ARM.attributes
                0x000007ca       0x1c C:/ST/STM32CubeIDE_1.16.0/STM32CubeIDE/plugins/com.st.stm32cube.ide.mcu.externaltools.gnu-tools-for-stm32.12.3.rel1.win32_1.1.0.202410251130/tools/bin/../lib/gcc/arm-none-eabi/12.3.1/../../../../arm-none-eabi/lib/thumb/v7e-m+fp/hard\libc_nano.a(libc_a-memchr.o)
 .ARM.attributes
                0x000007e6       0x34 C:/ST/STM32CubeIDE_1.16.0/STM32CubeIDE/plugins/com.st.stm32cube.ide.mcu.externaltools.gnu-tools-for-stm32.12.3.rel1.win32_1.1.0.202410251130/tools/bin/../lib/gcc/arm-none-eabi/12.3.1/../../../../arm-none-eabi/lib/thumb/v7e-m+fp/hard\libc_nano.a(libc_a-memcpy-stub.o)
 .ARM.attributes
                0x0000081a       0x34 C:/ST/STM32CubeIDE_1.16.0/STM32CubeIDE/plugins/com.st.stm32cube.ide.mcu.externaltools.gnu-tools-for-stm32.12.3.rel1.win32_1.1.0.202410251130/tools/bin/../lib/gcc/arm-none-eabi/12.3.1/../../../../arm-none-eabi/lib/thumb/v7e-m+fp/hard\libc_nano.a(libc_a-reallocr.o)
 .ARM.attributes
                0x0000084e       0x34 C:/ST/STM32CubeIDE_1.16.0/STM32CubeIDE/plugins/com.st.stm32cube.ide.mcu.externaltools.gnu-tools-for-stm32.12.3.rel1.win32_1.1.0.202410251130/tools/bin/../lib/gcc/arm-none-eabi/12.3.1/../../../../arm-none-eabi/lib/thumb/v7e-m+fp/hard\libc_nano.a(libc_a-msizer.o)
 .ARM.attributes
                0x00000882       0x22 C:/ST/STM32CubeIDE_1.16.0/STM32CubeIDE/plugins/com.st.stm32cube.ide.mcu.externaltools.gnu-tools-for-stm32.12.3.rel1.win32_1.1.0.202410251130/tools/bin/../lib/gcc/arm-none-eabi/12.3.1/thumb/v7e-m+fp/hard\libgcc.a(_aeabi_uldivmod.o)
 .ARM.attributes
                0x000008a4       0x34 C:/ST/STM32CubeIDE_1.16.0/STM32CubeIDE/plugins/com.st.stm32cube.ide.mcu.externaltools.gnu-tools-for-stm32.12.3.rel1.win32_1.1.0.202410251130/tools/bin/../lib/gcc/arm-none-eabi/12.3.1/thumb/v7e-m+fp/hard\libgcc.a(_udivmoddi4.o)
 .ARM.attributes
                0x000008d8       0x22 C:/ST/STM32CubeIDE_1.16.0/STM32CubeIDE/plugins/com.st.stm32cube.ide.mcu.externaltools.gnu-tools-for-stm32.12.3.rel1.win32_1.1.0.202410251130/tools/bin/../lib/gcc/arm-none-eabi/12.3.1/thumb/v7e-m+fp/hard\libgcc.a(_dvmd_tls.o)
 .ARM.attributes
                0x000008fa       0x22 C:/ST/STM32CubeIDE_1.16.0/STM32CubeIDE/plugins/com.st.stm32cube.ide.mcu.externaltools.gnu-tools-for-stm32.12.3.rel1.win32_1.1.0.202410251130/tools/bin/../lib/gcc/arm-none-eabi/12.3.1/thumb/v7e-m+fp/hard/crtn.o
OUTPUT(AFP_5_GRUPO_8_Alarma.elf elf32-littlearm)
LOAD linker stubs
LOAD C:/ST/STM32CubeIDE_1.16.0/STM32CubeIDE/plugins/com.st.stm32cube.ide.mcu.externaltools.gnu-tools-for-stm32.12.3.rel1.win32_1.1.0.202410251130/tools/bin/../lib/gcc/arm-none-eabi/12.3.1/../../../../arm-none-eabi/lib/thumb/v7e-m+fp/hard\libc.a
LOAD C:/ST/STM32CubeIDE_1.16.0/STM32CubeIDE/plugins/com.st.stm32cube.ide.mcu.externaltools.gnu-tools-for-stm32.12.3.rel1.win32_1.1.0.202410251130/tools/bin/../lib/gcc/arm-none-eabi/12.3.1/../../../../arm-none-eabi/lib/thumb/v7e-m+fp/hard\libm.a
LOAD C:/ST/STM32CubeIDE_1.16.0/STM32CubeIDE/plugins/com.st.stm32cube.ide.mcu.externaltools.gnu-tools-for-stm32.12.3.rel1.win32_1.1.0.202410251130/tools/bin/../lib/gcc/arm-none-eabi/12.3.1/thumb/v7e-m+fp/hard\libgcc.a

.debug_info     0x00000000     0xdd12
 .debug_info    0x00000000      0xdfc ./Core/Src/main.o
 .debug_info    0x00000dfc      0xeff ./Core/Src/stm32f4xx_hal_msp.o
 .debug_info    0x00001cfb      0x695 ./Core/Src/stm32f4xx_it.o
 .debug_info    0x00002390      0x168 ./Core/Src/sysmem.o
 .debug_info    0x000024f8      0x54a ./Core/Src/system_stm32f4xx.o
 .debug_info    0x00002a42       0x30 ./Core/Startup/startup_stm32f413zhtx.o
 .debug_info    0x00002a72      0x75e ./Drivers/API/Src/API_BT.o
 .debug_info    0x000031d0      0x23a ./Drivers/API/Src/API_Debounce.o
 .debug_info    0x0000340a      0x150 ./Drivers/API/Src/API_Delay.o
 .debug_info    0x0000355a      0xbdb ./Drivers/API/Src/API_GPIO.o
 .debug_info    0x00004135      0x861 ./Drivers/API/Src/API_LCD.o
 .debug_info    0x00004996      0x74a ./Drivers/API/Src/API_Teclado4x3.o
 .debug_info    0x000050e0      0x9ca ./Drivers/STM32F4xx_HAL_Driver/Src/stm32f4xx_hal.o
 .debug_info    0x00005aaa      0xdda ./Drivers/STM32F4xx_HAL_Driver/Src/stm32f4xx_hal_cortex.o
 .debug_info    0x00006884      0x8e7 ./Drivers/STM32F4xx_HAL_Driver/Src/stm32f4xx_hal_dma.o
 .debug_info    0x0000716b      0x723 ./Drivers/STM32F4xx_HAL_Driver/Src/stm32f4xx_hal_gpio.o
 .debug_info    0x0000788e     0x2421 ./Drivers/STM32F4xx_HAL_Driver/Src/stm32f4xx_hal_i2c.o
 .debug_info    0x00009caf      0x8eb ./Drivers/STM32F4xx_HAL_Driver/Src/stm32f4xx_hal_rcc.o
 .debug_info    0x0000a59a      0x829 ./Drivers/STM32F4xx_HAL_Driver/Src/stm32f4xx_hal_rcc_ex.o
 .debug_info    0x0000adc3     0x2f4f ./Drivers/STM32F4xx_HAL_Driver/Src/stm32f4xx_hal_uart.o

.debug_abbrev   0x00000000     0x274d
 .debug_abbrev  0x00000000      0x370 ./Core/Src/main.o
 .debug_abbrev  0x00000370      0x1cc ./Core/Src/stm32f4xx_hal_msp.o
 .debug_abbrev  0x0000053c      0x1a3 ./Core/Src/stm32f4xx_it.o
 .debug_abbrev  0x000006df       0xbc ./Core/Src/sysmem.o
 .debug_abbrev  0x0000079b      0x11a ./Core/Src/system_stm32f4xx.o
 .debug_abbrev  0x000008b5       0x24 ./Core/Startup/startup_stm32f413zhtx.o
 .debug_abbrev  0x000008d9      0x1d0 ./Drivers/API/Src/API_BT.o
 .debug_abbrev  0x00000aa9      0x14f ./Drivers/API/Src/API_Debounce.o
 .debug_abbrev  0x00000bf8       0xc3 ./Drivers/API/Src/API_Delay.o
 .debug_abbrev  0x00000cbb      0x252 ./Drivers/API/Src/API_GPIO.o
 .debug_abbrev  0x00000f0d      0x20c ./Drivers/API/Src/API_LCD.o
 .debug_abbrev  0x00001119      0x274 ./Drivers/API/Src/API_Teclado4x3.o
 .debug_abbrev  0x0000138d      0x214 ./Drivers/STM32F4xx_HAL_Driver/Src/stm32f4xx_hal.o
 .debug_abbrev  0x000015a1      0x31d ./Drivers/STM32F4xx_HAL_Driver/Src/stm32f4xx_hal_cortex.o
 .debug_abbrev  0x000018be      0x264 ./Drivers/STM32F4xx_HAL_Driver/Src/stm32f4xx_hal_dma.o
 .debug_abbrev  0x00001b22      0x1d4 ./Drivers/STM32F4xx_HAL_Driver/Src/stm32f4xx_hal_gpio.o
 .debug_abbrev  0x00001cf6      0x2ad ./Drivers/STM32F4xx_HAL_Driver/Src/stm32f4xx_hal_i2c.o
 .debug_abbrev  0x00001fa3      0x2b7 ./Drivers/STM32F4xx_HAL_Driver/Src/stm32f4xx_hal_rcc.o
 .debug_abbrev  0x0000225a      0x1e5 ./Drivers/STM32F4xx_HAL_Driver/Src/stm32f4xx_hal_rcc_ex.o
 .debug_abbrev  0x0000243f      0x30e ./Drivers/STM32F4xx_HAL_Driver/Src/stm32f4xx_hal_uart.o

.debug_aranges  0x00000000      0xc50
 .debug_aranges
                0x00000000       0xc0 ./Core/Src/main.o
 .debug_aranges
                0x000000c0       0x40 ./Core/Src/stm32f4xx_hal_msp.o
 .debug_aranges
                0x00000100       0x88 ./Core/Src/stm32f4xx_it.o
 .debug_aranges
                0x00000188       0x20 ./Core/Src/sysmem.o
 .debug_aranges
                0x000001a8       0x28 ./Core/Src/system_stm32f4xx.o
 .debug_aranges
                0x000001d0       0x28 ./Core/Startup/startup_stm32f413zhtx.o
 .debug_aranges
                0x000001f8       0x40 ./Drivers/API/Src/API_BT.o
 .debug_aranges
                0x00000238       0x30 ./Drivers/API/Src/API_Debounce.o
 .debug_aranges
                0x00000268       0x28 ./Drivers/API/Src/API_Delay.o
 .debug_aranges
                0x00000290       0x70 ./Drivers/API/Src/API_GPIO.o
 .debug_aranges
                0x00000300       0x68 ./Drivers/API/Src/API_LCD.o
 .debug_aranges
                0x00000368       0x48 ./Drivers/API/Src/API_Teclado4x3.o
 .debug_aranges
                0x000003b0       0xf0 ./Drivers/STM32F4xx_HAL_Driver/Src/stm32f4xx_hal.o
 .debug_aranges
                0x000004a0      0x130 ./Drivers/STM32F4xx_HAL_Driver/Src/stm32f4xx_hal_cortex.o
 .debug_aranges
                0x000005d0       0x90 ./Drivers/STM32F4xx_HAL_Driver/Src/stm32f4xx_hal_dma.o
 .debug_aranges
                0x00000660       0x58 ./Drivers/STM32F4xx_HAL_Driver/Src/stm32f4xx_hal_gpio.o
 .debug_aranges
                0x000006b8      0x2a8 ./Drivers/STM32F4xx_HAL_Driver/Src/stm32f4xx_hal_i2c.o
 .debug_aranges
                0x00000960       0x88 ./Drivers/STM32F4xx_HAL_Driver/Src/stm32f4xx_hal_rcc.o
 .debug_aranges
                0x000009e8       0x60 ./Drivers/STM32F4xx_HAL_Driver/Src/stm32f4xx_hal_rcc_ex.o
 .debug_aranges
                0x00000a48      0x208 ./Drivers/STM32F4xx_HAL_Driver/Src/stm32f4xx_hal_uart.o

.debug_rnglists
                0x00000000      0x981
 .debug_rnglists
                0x00000000       0x95 ./Core/Src/main.o
 .debug_rnglists
                0x00000095       0x2d ./Core/Src/stm32f4xx_hal_msp.o
 .debug_rnglists
                0x000000c2       0x61 ./Core/Src/stm32f4xx_it.o
 .debug_rnglists
                0x00000123       0x13 ./Core/Src/sysmem.o
 .debug_rnglists
                0x00000136       0x1a ./Core/Src/system_stm32f4xx.o
 .debug_rnglists
                0x00000150       0x19 ./Core/Startup/startup_stm32f413zhtx.o
 .debug_rnglists
                0x00000169       0x2b ./Drivers/API/Src/API_BT.o
 .debug_rnglists
                0x00000194       0x20 ./Drivers/API/Src/API_Debounce.o
 .debug_rnglists
                0x000001b4       0x19 ./Drivers/API/Src/API_Delay.o
 .debug_rnglists
                0x000001cd       0x51 ./Drivers/API/Src/API_GPIO.o
 .debug_rnglists
                0x0000021e       0x49 ./Drivers/API/Src/API_LCD.o
 .debug_rnglists
                0x00000267       0x34 ./Drivers/API/Src/API_Teclado4x3.o
 .debug_rnglists
                0x0000029b       0xaf ./Drivers/STM32F4xx_HAL_Driver/Src/stm32f4xx_hal.o
 .debug_rnglists
                0x0000034a       0xe0 ./Drivers/STM32F4xx_HAL_Driver/Src/stm32f4xx_hal_cortex.o
 .debug_rnglists
                0x0000042a       0x70 ./Drivers/STM32F4xx_HAL_Driver/Src/stm32f4xx_hal_dma.o
 .debug_rnglists
                0x0000049a       0x3f ./Drivers/STM32F4xx_HAL_Driver/Src/stm32f4xx_hal_gpio.o
 .debug_rnglists
                0x000004d9      0x23c ./Drivers/STM32F4xx_HAL_Driver/Src/stm32f4xx_hal_i2c.o
 .debug_rnglists
                0x00000715       0x66 ./Drivers/STM32F4xx_HAL_Driver/Src/stm32f4xx_hal_rcc.o
 .debug_rnglists
                0x0000077b       0x4a ./Drivers/STM32F4xx_HAL_Driver/Src/stm32f4xx_hal_rcc_ex.o
 .debug_rnglists
                0x000007c5      0x1bc ./Drivers/STM32F4xx_HAL_Driver/Src/stm32f4xx_hal_uart.o

.debug_macro    0x00000000    0x21c2a
 .debug_macro   0x00000000      0x338 ./Core/Src/main.o
 .debug_macro   0x00000338      0xab4 ./Core/Src/main.o
 .debug_macro   0x00000dec      0x29b ./Core/Src/main.o
 .debug_macro   0x00001087       0x2e ./Core/Src/main.o
 .debug_macro   0x000010b5       0x28 ./Core/Src/main.o
 .debug_macro   0x000010dd       0x22 ./Core/Src/main.o
 .debug_macro   0x000010ff       0x8e ./Core/Src/main.o
 .debug_macro   0x0000118d       0x51 ./Core/Src/main.o
 .debug_macro   0x000011de      0x103 ./Core/Src/main.o
 .debug_macro   0x000012e1       0x6a ./Core/Src/main.o
 .debug_macro   0x0000134b      0x1df ./Core/Src/main.o
 .debug_macro   0x0000152a       0x1c ./Core/Src/main.o
 .debug_macro   0x00001546       0x22 ./Core/Src/main.o
 .debug_macro   0x00001568       0xfb ./Core/Src/main.o
 .debug_macro   0x00001663     0x1011 ./Core/Src/main.o
 .debug_macro   0x00002674      0x11f ./Core/Src/main.o
 .debug_macro   0x00002793    0x15a8b ./Core/Src/main.o
 .debug_macro   0x0001821e       0x6d ./Core/Src/main.o
 .debug_macro   0x0001828b     0x369a ./Core/Src/main.o
 .debug_macro   0x0001b925      0x189 ./Core/Src/main.o
 .debug_macro   0x0001baae       0x5c ./Core/Src/main.o
 .debug_macro   0x0001bb0a      0xcf2 ./Core/Src/main.o
 .debug_macro   0x0001c7fc      0x9e9 ./Core/Src/main.o
 .debug_macro   0x0001d1e5      0x115 ./Core/Src/main.o
 .debug_macro   0x0001d2fa      0x202 ./Core/Src/main.o
 .debug_macro   0x0001d4fc       0xa5 ./Core/Src/main.o
 .debug_macro   0x0001d5a1      0x173 ./Core/Src/main.o
 .debug_macro   0x0001d714      0x2bf ./Core/Src/main.o
 .debug_macro   0x0001d9d3       0x5f ./Core/Src/main.o
 .debug_macro   0x0001da32      0x236 ./Core/Src/main.o
 .debug_macro   0x0001dc68      0x132 ./Core/Src/main.o
 .debug_macro   0x0001dd9a      0x30c ./Core/Src/main.o
 .debug_macro   0x0001e0a6       0x2e ./Core/Src/main.o
 .debug_macro   0x0001e0d4      0x1b5 ./Core/Src/main.o
 .debug_macro   0x0001e289       0x22 ./Core/Src/main.o
 .debug_macro   0x0001e2ab       0xd6 ./Core/Src/main.o
 .debug_macro   0x0001e381      0x127 ./Core/Src/main.o
 .debug_macro   0x0001e4a8       0x91 ./Core/Src/main.o
 .debug_macro   0x0001e539       0x89 ./Core/Src/main.o
 .debug_macro   0x0001e5c2      0x2aa ./Core/Src/main.o
 .debug_macro   0x0001e86c      0x134 ./Core/Src/main.o
 .debug_macro   0x0001e9a0       0x22 ./Core/Src/main.o
 .debug_macro   0x0001e9c2      0x160 ./Core/Src/main.o
 .debug_macro   0x0001eb22       0x28 ./Core/Src/main.o
 .debug_macro   0x0001eb4a       0x61 ./Core/Src/main.o
 .debug_macro   0x0001ebab       0x2a ./Core/Src/main.o
 .debug_macro   0x0001ebd5       0x43 ./Core/Src/main.o
 .debug_macro   0x0001ec18       0x34 ./Core/Src/main.o
 .debug_macro   0x0001ec4c       0x16 ./Core/Src/main.o
 .debug_macro   0x0001ec62       0x35 ./Core/Src/main.o
 .debug_macro   0x0001ec97      0x369 ./Core/Src/main.o
 .debug_macro   0x0001f000       0x10 ./Core/Src/main.o
 .debug_macro   0x0001f010       0x16 ./Core/Src/main.o
 .debug_macro   0x0001f026       0x43 ./Core/Src/main.o
 .debug_macro   0x0001f069       0x34 ./Core/Src/main.o
 .debug_macro   0x0001f09d       0x10 ./Core/Src/main.o
 .debug_macro   0x0001f0ad       0x58 ./Core/Src/main.o
 .debug_macro   0x0001f105       0x8e ./Core/Src/main.o
 .debug_macro   0x0001f193       0x1c ./Core/Src/main.o
 .debug_macro   0x0001f1af      0x177 ./Core/Src/main.o
 .debug_macro   0x0001f326       0x16 ./Core/Src/main.o
 .debug_macro   0x0001f33c       0x16 ./Core/Src/main.o
 .debug_macro   0x0001f352      0x146 ./Core/Src/main.o
 .debug_macro   0x0001f498       0x16 ./Core/Src/main.o
 .debug_macro   0x0001f4ae       0x20 ./Core/Src/main.o
 .debug_macro   0x0001f4ce      0x1eb ./Core/Src/stm32f4xx_hal_msp.o
 .debug_macro   0x0001f6b9      0x1f5 ./Core/Src/stm32f4xx_it.o
 .debug_macro   0x0001f8ae       0xff ./Core/Src/sysmem.o
 .debug_macro   0x0001f9ad      0x23c ./Core/Src/sysmem.o
 .debug_macro   0x0001fbe9      0x1d3 ./Core/Src/system_stm32f4xx.o
 .debug_macro   0x0001fdbc      0x2c3 ./Drivers/API/Src/API_BT.o
 .debug_macro   0x0002007f       0x10 ./Drivers/API/Src/API_BT.o
 .debug_macro   0x0002008f      0x20f ./Drivers/API/Src/API_Debounce.o
 .debug_macro   0x0002029e      0x1f5 ./Drivers/API/Src/API_Delay.o
 .debug_macro   0x00020493      0x212 ./Drivers/API/Src/API_GPIO.o
 .debug_macro   0x000206a5      0x303 ./Drivers/API/Src/API_LCD.o
 .debug_macro   0x000209a8      0x30b ./Drivers/API/Src/API_Teclado4x3.o
 .debug_macro   0x00020cb3      0x233 ./Drivers/STM32F4xx_HAL_Driver/Src/stm32f4xx_hal.o
 .debug_macro   0x00020ee6      0x1d3 ./Drivers/STM32F4xx_HAL_Driver/Src/stm32f4xx_hal_cortex.o
 .debug_macro   0x000210b9      0x1d9 ./Drivers/STM32F4xx_HAL_Driver/Src/stm32f4xx_hal_dma.o
 .debug_macro   0x00021292      0x1d9 ./Drivers/STM32F4xx_HAL_Driver/Src/stm32f4xx_hal_gpio.o
 .debug_macro   0x0002146b      0x221 ./Drivers/STM32F4xx_HAL_Driver/Src/stm32f4xx_hal_i2c.o
 .debug_macro   0x0002168c      0x1f7 ./Drivers/STM32F4xx_HAL_Driver/Src/stm32f4xx_hal_rcc.o
 .debug_macro   0x00021883      0x1d3 ./Drivers/STM32F4xx_HAL_Driver/Src/stm32f4xx_hal_rcc_ex.o
 .debug_macro   0x00021a56      0x1d4 ./Drivers/STM32F4xx_HAL_Driver/Src/stm32f4xx_hal_uart.o

.debug_line     0x00000000    0x11c87
 .debug_line    0x00000000      0xf2e ./Core/Src/main.o
 .debug_line    0x00000f2e      0x7f1 ./Core/Src/stm32f4xx_hal_msp.o
 .debug_line    0x0000171f      0x892 ./Core/Src/stm32f4xx_it.o
 .debug_line    0x00001fb1      0x579 ./Core/Src/sysmem.o
 .debug_line    0x0000252a      0x7cb ./Core/Src/system_stm32f4xx.o
 .debug_line    0x00002cf5       0x7a ./Core/Startup/startup_stm32f413zhtx.o
 .debug_line    0x00002d6f      0x992 ./Drivers/API/Src/API_BT.o
 .debug_line    0x00003701      0x887 ./Drivers/API/Src/API_Debounce.o
 .debug_line    0x00003f88      0x806 ./Drivers/API/Src/API_Delay.o
 .debug_line    0x0000478e      0x9c6 ./Drivers/API/Src/API_GPIO.o
 .debug_line    0x00005154      0xa5e ./Drivers/API/Src/API_LCD.o
 .debug_line    0x00005bb2      0xa9f ./Drivers/API/Src/API_Teclado4x3.o
 .debug_line    0x00006651      0xa34 ./Drivers/STM32F4xx_HAL_Driver/Src/stm32f4xx_hal.o
 .debug_line    0x00007085      0xd26 ./Drivers/STM32F4xx_HAL_Driver/Src/stm32f4xx_hal_cortex.o
 .debug_line    0x00007dab      0xfa4 ./Drivers/STM32F4xx_HAL_Driver/Src/stm32f4xx_hal_dma.o
 .debug_line    0x00008d4f      0xbac ./Drivers/STM32F4xx_HAL_Driver/Src/stm32f4xx_hal_gpio.o
 .debug_line    0x000098fb     0x3b7a ./Drivers/STM32F4xx_HAL_Driver/Src/stm32f4xx_hal_i2c.o
 .debug_line    0x0000d475      0xdcb ./Drivers/STM32F4xx_HAL_Driver/Src/stm32f4xx_hal_rcc.o
 .debug_line    0x0000e240     0x1127 ./Drivers/STM32F4xx_HAL_Driver/Src/stm32f4xx_hal_rcc_ex.o
 .debug_line    0x0000f367     0x2920 ./Drivers/STM32F4xx_HAL_Driver/Src/stm32f4xx_hal_uart.o

.debug_str      0x00000000    0xc8ea4
 .debug_str     0x00000000    0xc5539 ./Core/Src/main.o
                              0xc5878 (size before relaxing)
 .debug_str     0x000c5539      0x9d4 ./Core/Src/stm32f4xx_hal_msp.o
                              0xc25c1 (size before relaxing)
 .debug_str     0x000c5f0d      0x152 ./Core/Src/stm32f4xx_it.o
                              0xc1c94 (size before relaxing)
 .debug_str     0x000c605f      0x4dc ./Core/Src/sysmem.o
                               0x60e3 (size before relaxing)
 .debug_str     0x000c653b       0xdb ./Core/Src/system_stm32f4xx.o
                              0xc12ce (size before relaxing)
 .debug_str     0x000c6616       0x44 ./Core/Startup/startup_stm32f413zhtx.o
                                 0x96 (size before relaxing)
 .debug_str     0x000c665a       0x7e ./Drivers/API/Src/API_BT.o
                              0xc4dba (size before relaxing)
 .debug_str     0x000c66d8      0x106 ./Drivers/API/Src/API_Debounce.o
                              0xc187d (size before relaxing)
 .debug_str     0x000c67de       0x2b ./Drivers/API/Src/API_Delay.o
                              0xc1758 (size before relaxing)
 .debug_str     0x000c6809      0x206 ./Drivers/API/Src/API_GPIO.o
                              0xc22e0 (size before relaxing)
 .debug_str     0x000c6a0f       0xcf ./Drivers/API/Src/API_LCD.o
                              0xc54bb (size before relaxing)
 .debug_str     0x000c6ade       0xed ./Drivers/API/Src/API_Teclado4x3.o
                              0xc4b4b (size before relaxing)
 .debug_str     0x000c6bcb      0x601 ./Drivers/STM32F4xx_HAL_Driver/Src/stm32f4xx_hal.o
                              0xc1f04 (size before relaxing)
 .debug_str     0x000c71cc      0x36b ./Drivers/STM32F4xx_HAL_Driver/Src/stm32f4xx_hal_cortex.o
                              0xc1c5c (size before relaxing)
 .debug_str     0x000c7537      0x328 ./Drivers/STM32F4xx_HAL_Driver/Src/stm32f4xx_hal_dma.o
                              0xc16c4 (size before relaxing)
 .debug_str     0x000c785f       0xcd ./Drivers/STM32F4xx_HAL_Driver/Src/stm32f4xx_hal_gpio.o
                              0xc1458 (size before relaxing)
 .debug_str     0x000c792c      0xb01 ./Drivers/STM32F4xx_HAL_Driver/Src/stm32f4xx_hal_i2c.o
                              0xc22cd (size before relaxing)
 .debug_str     0x000c842d      0x213 ./Drivers/STM32F4xx_HAL_Driver/Src/stm32f4xx_hal_rcc.o
                              0xc1707 (size before relaxing)
 .debug_str     0x000c8640      0x2ba ./Drivers/STM32F4xx_HAL_Driver/Src/stm32f4xx_hal_rcc_ex.o
                              0xc168c (size before relaxing)
 .debug_str     0x000c88fa      0x5aa ./Drivers/STM32F4xx_HAL_Driver/Src/stm32f4xx_hal_uart.o
                              0xc1cbf (size before relaxing)

.comment        0x00000000       0x43
 .comment       0x00000000       0x43 ./Core/Src/main.o
                                 0x44 (size before relaxing)
 .comment       0x00000043       0x44 ./Core/Src/stm32f4xx_hal_msp.o
 .comment       0x00000043       0x44 ./Core/Src/stm32f4xx_it.o
 .comment       0x00000043       0x44 ./Core/Src/sysmem.o
 .comment       0x00000043       0x44 ./Core/Src/system_stm32f4xx.o
 .comment       0x00000043       0x44 ./Drivers/API/Src/API_BT.o
 .comment       0x00000043       0x44 ./Drivers/API/Src/API_Debounce.o
 .comment       0x00000043       0x44 ./Drivers/API/Src/API_Delay.o
 .comment       0x00000043       0x44 ./Drivers/API/Src/API_GPIO.o
 .comment       0x00000043       0x44 ./Drivers/API/Src/API_LCD.o
 .comment       0x00000043       0x44 ./Drivers/API/Src/API_Teclado4x3.o
 .comment       0x00000043       0x44 ./Drivers/STM32F4xx_HAL_Driver/Src/stm32f4xx_hal.o
 .comment       0x00000043       0x44 ./Drivers/STM32F4xx_HAL_Driver/Src/stm32f4xx_hal_cortex.o
 .comment       0x00000043       0x44 ./Drivers/STM32F4xx_HAL_Driver/Src/stm32f4xx_hal_dma.o
 .comment       0x00000043       0x44 ./Drivers/STM32F4xx_HAL_Driver/Src/stm32f4xx_hal_gpio.o
 .comment       0x00000043       0x44 ./Drivers/STM32F4xx_HAL_Driver/Src/stm32f4xx_hal_i2c.o
 .comment       0x00000043       0x44 ./Drivers/STM32F4xx_HAL_Driver/Src/stm32f4xx_hal_rcc.o
 .comment       0x00000043       0x44 ./Drivers/STM32F4xx_HAL_Driver/Src/stm32f4xx_hal_rcc_ex.o
 .comment       0x00000043       0x44 ./Drivers/STM32F4xx_HAL_Driver/Src/stm32f4xx_hal_uart.o

.debug_frame    0x00000000     0x3678
 .debug_frame   0x00000000      0x2d0 ./Core/Src/main.o
 .debug_frame   0x000002d0       0xc8 ./Core/Src/stm32f4xx_hal_msp.o
 .debug_frame   0x00000398      0x190 ./Core/Src/stm32f4xx_it.o
 .debug_frame   0x00000528       0x34 ./Core/Src/sysmem.o
 .debug_frame   0x0000055c       0x58 ./Core/Src/system_stm32f4xx.o
 .debug_frame   0x000005b4       0xc0 ./Drivers/API/Src/API_BT.o
 .debug_frame   0x00000674       0x78 ./Drivers/API/Src/API_Debounce.o
 .debug_frame   0x000006ec       0x58 ./Drivers/API/Src/API_Delay.o
 .debug_frame   0x00000744      0x178 ./Drivers/API/Src/API_GPIO.o
 .debug_frame   0x000008bc      0x160 ./Drivers/API/Src/API_LCD.o
 .debug_frame   0x00000a1c       0xe8 ./Drivers/API/Src/API_Teclado4x3.o
 .debug_frame   0x00000b04      0x374 ./Drivers/STM32F4xx_HAL_Driver/Src/stm32f4xx_hal.o
 .debug_frame   0x00000e78      0x508 ./Drivers/STM32F4xx_HAL_Driver/Src/stm32f4xx_hal_cortex.o
 .debug_frame   0x00001380      0x250 ./Drivers/STM32F4xx_HAL_Driver/Src/stm32f4xx_hal_dma.o
 .debug_frame   0x000015d0      0x14c ./Drivers/STM32F4xx_HAL_Driver/Src/stm32f4xx_hal_gpio.o
 .debug_frame   0x0000171c      0xc84 ./Drivers/STM32F4xx_HAL_Driver/Src/stm32f4xx_hal_i2c.o
 .debug_frame   0x000023a0      0x1f4 ./Drivers/STM32F4xx_HAL_Driver/Src/stm32f4xx_hal_rcc.o
 .debug_frame   0x00002594      0x16c ./Drivers/STM32F4xx_HAL_Driver/Src/stm32f4xx_hal_rcc_ex.o
 .debug_frame   0x00002700      0x954 ./Drivers/STM32F4xx_HAL_Driver/Src/stm32f4xx_hal_uart.o
 .debug_frame   0x00003054      0x144 C:/ST/STM32CubeIDE_1.16.0/STM32CubeIDE/plugins/com.st.stm32cube.ide.mcu.externaltools.gnu-tools-for-stm32.12.3.rel1.win32_1.1.0.202410251130/tools/bin/../lib/gcc/arm-none-eabi/12.3.1/../../../../arm-none-eabi/lib/thumb/v7e-m+fp/hard\libc_nano.a(libc_a-findfp.o)
 .debug_frame   0x00003198       0x6c C:/ST/STM32CubeIDE_1.16.0/STM32CubeIDE/plugins/com.st.stm32cube.ide.mcu.externaltools.gnu-tools-for-stm32.12.3.rel1.win32_1.1.0.202410251130/tools/bin/../lib/gcc/arm-none-eabi/12.3.1/../../../../arm-none-eabi/lib/thumb/v7e-m+fp/hard\libc_nano.a(libc_a-sprintf.o)
 .debug_frame   0x00003204       0x20 C:/ST/STM32CubeIDE_1.16.0/STM32CubeIDE/plugins/com.st.stm32cube.ide.mcu.externaltools.gnu-tools-for-stm32.12.3.rel1.win32_1.1.0.202410251130/tools/bin/../lib/gcc/arm-none-eabi/12.3.1/../../../../arm-none-eabi/lib/thumb/v7e-m+fp/hard\libc_nano.a(libc_a-memset.o)
 .debug_frame   0x00003224       0x38 C:/ST/STM32CubeIDE_1.16.0/STM32CubeIDE/plugins/com.st.stm32cube.ide.mcu.externaltools.gnu-tools-for-stm32.12.3.rel1.win32_1.1.0.202410251130/tools/bin/../lib/gcc/arm-none-eabi/12.3.1/../../../../arm-none-eabi/lib/thumb/v7e-m+fp/hard\libc_nano.a(libc_a-reent.o)
 .debug_frame   0x0000325c       0x20 C:/ST/STM32CubeIDE_1.16.0/STM32CubeIDE/plugins/com.st.stm32cube.ide.mcu.externaltools.gnu-tools-for-stm32.12.3.rel1.win32_1.1.0.202410251130/tools/bin/../lib/gcc/arm-none-eabi/12.3.1/../../../../arm-none-eabi/lib/thumb/v7e-m+fp/hard\libc_nano.a(libc_a-errno.o)
 .debug_frame   0x0000327c       0x2c C:/ST/STM32CubeIDE_1.16.0/STM32CubeIDE/plugins/com.st.stm32cube.ide.mcu.externaltools.gnu-tools-for-stm32.12.3.rel1.win32_1.1.0.202410251130/tools/bin/../lib/gcc/arm-none-eabi/12.3.1/../../../../arm-none-eabi/lib/thumb/v7e-m+fp/hard\libc_nano.a(libc_a-init.o)
 .debug_frame   0x000032a8       0xb0 C:/ST/STM32CubeIDE_1.16.0/STM32CubeIDE/plugins/com.st.stm32cube.ide.mcu.externaltools.gnu-tools-for-stm32.12.3.rel1.win32_1.1.0.202410251130/tools/bin/../lib/gcc/arm-none-eabi/12.3.1/../../../../arm-none-eabi/lib/thumb/v7e-m+fp/hard\libc_nano.a(libc_a-lock.o)
 .debug_frame   0x00003358       0x20 C:/ST/STM32CubeIDE_1.16.0/STM32CubeIDE/plugins/com.st.stm32cube.ide.mcu.externaltools.gnu-tools-for-stm32.12.3.rel1.win32_1.1.0.202410251130/tools/bin/../lib/gcc/arm-none-eabi/12.3.1/../../../../arm-none-eabi/lib/thumb/v7e-m+fp/hard\libc_nano.a(libc_a-strcmp.o)
 .debug_frame   0x00003378       0x20 C:/ST/STM32CubeIDE_1.16.0/STM32CubeIDE/plugins/com.st.stm32cube.ide.mcu.externaltools.gnu-tools-for-stm32.12.3.rel1.win32_1.1.0.202410251130/tools/bin/../lib/gcc/arm-none-eabi/12.3.1/../../../../arm-none-eabi/lib/thumb/v7e-m+fp/hard\libc_nano.a(libc_a-strcpy.o)
 .debug_frame   0x00003398       0x38 C:/ST/STM32CubeIDE_1.16.0/STM32CubeIDE/plugins/com.st.stm32cube.ide.mcu.externaltools.gnu-tools-for-stm32.12.3.rel1.win32_1.1.0.202410251130/tools/bin/../lib/gcc/arm-none-eabi/12.3.1/../../../../arm-none-eabi/lib/thumb/v7e-m+fp/hard\libc_nano.a(libc_a-freer.o)
 .debug_frame   0x000033d0       0x50 C:/ST/STM32CubeIDE_1.16.0/STM32CubeIDE/plugins/com.st.stm32cube.ide.mcu.externaltools.gnu-tools-for-stm32.12.3.rel1.win32_1.1.0.202410251130/tools/bin/../lib/gcc/arm-none-eabi/12.3.1/../../../../arm-none-eabi/lib/thumb/v7e-m+fp/hard\libc_nano.a(libc_a-mallocr.o)
 .debug_frame   0x00003420       0x30 C:/ST/STM32CubeIDE_1.16.0/STM32CubeIDE/plugins/com.st.stm32cube.ide.mcu.externaltools.gnu-tools-for-stm32.12.3.rel1.win32_1.1.0.202410251130/tools/bin/../lib/gcc/arm-none-eabi/12.3.1/../../../../arm-none-eabi/lib/thumb/v7e-m+fp/hard\libc_nano.a(libc_a-mlock.o)
 .debug_frame   0x00003450       0x90 C:/ST/STM32CubeIDE_1.16.0/STM32CubeIDE/plugins/com.st.stm32cube.ide.mcu.externaltools.gnu-tools-for-stm32.12.3.rel1.win32_1.1.0.202410251130/tools/bin/../lib/gcc/arm-none-eabi/12.3.1/../../../../arm-none-eabi/lib/thumb/v7e-m+fp/hard\libc_nano.a(libc_a-nano-svfprintf.o)
 .debug_frame   0x000034e0       0x60 C:/ST/STM32CubeIDE_1.16.0/STM32CubeIDE/plugins/com.st.stm32cube.ide.mcu.externaltools.gnu-tools-for-stm32.12.3.rel1.win32_1.1.0.202410251130/tools/bin/../lib/gcc/arm-none-eabi/12.3.1/../../../../arm-none-eabi/lib/thumb/v7e-m+fp/hard\libc_nano.a(libc_a-nano-vfprintf_i.o)
 .debug_frame   0x00003540       0x28 C:/ST/STM32CubeIDE_1.16.0/STM32CubeIDE/plugins/com.st.stm32cube.ide.mcu.externaltools.gnu-tools-for-stm32.12.3.rel1.win32_1.1.0.202410251130/tools/bin/../lib/gcc/arm-none-eabi/12.3.1/../../../../arm-none-eabi/lib/thumb/v7e-m+fp/hard\libc_nano.a(libc_a-memmove.o)
 .debug_frame   0x00003568       0x2c C:/ST/STM32CubeIDE_1.16.0/STM32CubeIDE/plugins/com.st.stm32cube.ide.mcu.externaltools.gnu-tools-for-stm32.12.3.rel1.win32_1.1.0.202410251130/tools/bin/../lib/gcc/arm-none-eabi/12.3.1/../../../../arm-none-eabi/lib/thumb/v7e-m+fp/hard\libc_nano.a(libc_a-sbrkr.o)
 .debug_frame   0x00003594       0x28 C:/ST/STM32CubeIDE_1.16.0/STM32CubeIDE/plugins/com.st.stm32cube.ide.mcu.externaltools.gnu-tools-for-stm32.12.3.rel1.win32_1.1.0.202410251130/tools/bin/../lib/gcc/arm-none-eabi/12.3.1/../../../../arm-none-eabi/lib/thumb/v7e-m+fp/hard\libc_nano.a(libc_a-memcpy-stub.o)
 .debug_frame   0x000035bc       0x3c C:/ST/STM32CubeIDE_1.16.0/STM32CubeIDE/plugins/com.st.stm32cube.ide.mcu.externaltools.gnu-tools-for-stm32.12.3.rel1.win32_1.1.0.202410251130/tools/bin/../lib/gcc/arm-none-eabi/12.3.1/../../../../arm-none-eabi/lib/thumb/v7e-m+fp/hard\libc_nano.a(libc_a-reallocr.o)
 .debug_frame   0x000035f8       0x20 C:/ST/STM32CubeIDE_1.16.0/STM32CubeIDE/plugins/com.st.stm32cube.ide.mcu.externaltools.gnu-tools-for-stm32.12.3.rel1.win32_1.1.0.202410251130/tools/bin/../lib/gcc/arm-none-eabi/12.3.1/../../../../arm-none-eabi/lib/thumb/v7e-m+fp/hard\libc_nano.a(libc_a-msizer.o)
 .debug_frame   0x00003618       0x2c C:/ST/STM32CubeIDE_1.16.0/STM32CubeIDE/plugins/com.st.stm32cube.ide.mcu.externaltools.gnu-tools-for-stm32.12.3.rel1.win32_1.1.0.202410251130/tools/bin/../lib/gcc/arm-none-eabi/12.3.1/thumb/v7e-m+fp/hard\libgcc.a(_aeabi_uldivmod.o)
 .debug_frame   0x00003644       0x34 C:/ST/STM32CubeIDE_1.16.0/STM32CubeIDE/plugins/com.st.stm32cube.ide.mcu.externaltools.gnu-tools-for-stm32.12.3.rel1.win32_1.1.0.202410251130/tools/bin/../lib/gcc/arm-none-eabi/12.3.1/thumb/v7e-m+fp/hard\libgcc.a(_udivmoddi4.o)

.debug_line_str
                0x00000000       0x7a
 .debug_line_str
                0x00000000       0x7a ./Core/Startup/startup_stm32f413zhtx.o