../Core/Src/main.c:114:5:main	8	static
../Core/Src/main.c:184:6:SystemClock_Config	88	static
../Core/Src/main.c:235:6:DisplayMainMenu	8	static
../Core/Src/main.c:249:6:HandleMainMenuInput	16	static
../Core/Src/main.c:268:6:DisplayAlarmMenu	8	static
../Core/Src/main.c:282:6:HandleAlarmMenuInput	16	static
../Core/Src/main.c:311:6:RequestPassword	16	static
../Core/Src/main.c:385:6:ActivateAlarm	72	static
../Core/Src/main.c:441:6:HandleActiveAlarm	24	static
../Core/Src/main.c:465:6:DeactivateAlarm	8	static
../Core/Src/main.c:489:6:IncorrectPassword	8	static
../Core/Src/main.c:526:6:AlarmTriggered	8	static
../Core/Src/main.c:561:6:DisplayChangePassMenu	8	static
../Core/Src/main.c:609:6:ConfirmNewPassword	16	static
../Core/Src/main.c:684:6:HandleSubMenu	8	static
../Core/Src/main.c:712:6:TestAlarm	8	static
../Core/Src/main.c:735:6:CheckSensors	16	static
../Core/Src/main.c:769:6:CheckAlarmDeactivation	16	static
../Core/Src/main.c:792:6:Error_Handler	4	static,ignoring_inline_asm
