../Drivers/API/Src/API_LCD.c:18:6:lcd_init	8	static
../Drivers/API/Src/API_LCD.c:35:6:lcd_clear	8	static
../Drivers/API/Src/API_LCD.c:40:6:lcd_set_cursor	24	static
../Drivers/API/Src/API_LCD.c:45:6:lcd_print	16	static
../Drivers/API/Src/API_LCD.c:51:6:lcd_print_num	32	static
../Drivers/API/Src/API_LCD.c:56:13:lcd_send_command	16	static
../Drivers/API/Src/API_LCD.c:60:13:lcd_send_data	16	static
../Drivers/API/Src/API_LCD.c:64:13:lcd_send	16	static
../Drivers/API/Src/API_LCD.c:70:13:lcd_write_nibble	32	static
../Drivers/API/Src/API_LCD.c:83:6:MX_I2C2_Init	8	static
