../Drivers/API/Src/API_LCD.c:20:6:lcd_init	8	static
../Drivers/API/Src/API_LCD.c:37:6:lcd_clear	8	static
../Drivers/API/Src/API_LCD.c:42:6:lcd_set_cursor	24	static
../Drivers/API/Src/API_LCD.c:47:6:lcd_print	16	static
../Drivers/API/Src/API_LCD.c:53:6:lcd_print_num	32	static
../Drivers/API/Src/API_LCD.c:58:13:lcd_send_command	16	static
../Drivers/API/Src/API_LCD.c:62:13:lcd_send_data	16	static
../Drivers/API/Src/API_LCD.c:66:13:lcd_send	16	static
../Drivers/API/Src/API_LCD.c:72:13:lcd_write_nibble	32	static
../Drivers/API/Src/API_LCD.c:85:6:MX_I2C2_Init	8	static
